Component: Arm Compiler for Embedded 6.21 Tool: armlink [5ec1fa00]

==============================================================================

Section Cross References

    startup_stm32f407xx.o(STACK) refers (Special) to heapauxi.o(.text) for __use_two_region_memory
    startup_stm32f407xx.o(HEAP) refers (Special) to heapauxi.o(.text) for __use_two_region_memory
    startup_stm32f407xx.o(RESET) refers (Special) to heapauxi.o(.text) for __use_two_region_memory
    startup_stm32f407xx.o(RESET) refers to startup_stm32f407xx.o(STACK) for __initial_sp
    startup_stm32f407xx.o(RESET) refers to startup_stm32f407xx.o(.text) for Reset_Handler
    startup_stm32f407xx.o(RESET) refers to stm32f4xx_it.o(.text.NMI_Handler) for NMI_Handler
    startup_stm32f407xx.o(RESET) refers to stm32f4xx_it.o(.text.HardFault_Handler) for HardFault_Handler
    startup_stm32f407xx.o(RESET) refers to stm32f4xx_it.o(.text.MemManage_Handler) for MemManage_Handler
    startup_stm32f407xx.o(RESET) refers to stm32f4xx_it.o(.text.BusFault_Handler) for BusFault_Handler
    startup_stm32f407xx.o(RESET) refers to stm32f4xx_it.o(.text.UsageFault_Handler) for UsageFault_Handler
    startup_stm32f407xx.o(RESET) refers to stm32f4xx_it.o(.text.SVC_Handler) for SVC_Handler
    startup_stm32f407xx.o(RESET) refers to stm32f4xx_it.o(.text.DebugMon_Handler) for DebugMon_Handler
    startup_stm32f407xx.o(RESET) refers to stm32f4xx_it.o(.text.PendSV_Handler) for PendSV_Handler
    startup_stm32f407xx.o(RESET) refers to stm32f4xx_it.o(.text.SysTick_Handler) for SysTick_Handler
    startup_stm32f407xx.o(RESET) refers to stm32f4xx_it.o(.text.CAN1_RX0_IRQHandler) for CAN1_RX0_IRQHandler
    startup_stm32f407xx.o(RESET) refers to main.o(.text.USART1_IRQHandler) for USART1_IRQHandler
    startup_stm32f407xx.o(RESET) refers to tim.o(.text.TIM6_DAC_IRQHandler) for TIM6_DAC_IRQHandler
    startup_stm32f407xx.o(RESET) refers to stm32f4xx_it.o(.text.CAN2_RX0_IRQHandler) for CAN2_RX0_IRQHandler
    startup_stm32f407xx.o(RESET) refers to usart.o(.text.USART6_IRQHandler) for USART6_IRQHandler
    startup_stm32f407xx.o(.text) refers (Special) to heapauxi.o(.text) for __use_two_region_memory
    startup_stm32f407xx.o(.text) refers to system_stm32f4xx.o(.text.SystemInit) for SystemInit
    startup_stm32f407xx.o(.text) refers to __main.o(!!!main) for __main
    startup_stm32f407xx.o(.text) refers to startup_stm32f407xx.o(HEAP) for Heap_Mem
    startup_stm32f407xx.o(.text) refers to startup_stm32f407xx.o(STACK) for Stack_Mem
    main.o(.text.closestPointOnLine2D) refers to daddsub_clz.o(x$fpl$dsub) for __aeabi_dsub
    main.o(.text.closestPointOnLine2D) refers to main.o(.bss.line_Dir) for line_Dir
    main.o(.text.closestPointOnLine2D) refers to main.o(.bss.line_POS1) for line_POS1
    main.o(.text.closestPointOnLine2D) refers to dmul.o(x$fpl$dmul) for __aeabi_dmul
    main.o(.text.closestPointOnLine2D) refers to daddsub_clz.o(x$fpl$dadd) for __aeabi_dadd
    main.o(.text.closestPointOnLine2D) refers to main.o(.bss.dotProduct) for dotProduct
    main.o(.text.closestPointOnLine2D) refers to main.o(.bss.lengthSquared) for lengthSquared
    main.o(.text.closestPointOnLine2D) refers to ddiv.o(x$fpl$ddiv) for __aeabi_ddiv
    main.o(.text.closestPointOnLine2D) refers to main.o(.bss.t) for t
    main.o(.text.closestPointOnLine2D) refers to main.o(.bss.closestPoint) for closestPoint
    main.o(.text.closestPointOnLine2D) refers to dcmp.o(x$fpl$fcmp) for __aeabi_dcmpgt
    main.o(.text.closestPointOnLine2D) refers to main.o(.bss.goal) for goal
    main.o(.ARM.exidx.text.closestPointOnLine2D) refers to main.o(.text.closestPointOnLine2D) for [Anonymous Symbol]
    main.o(.ARM.exidx.text.obsatcle) refers to main.o(.text.obsatcle) for [Anonymous Symbol]
    main.o(.text.Transparent_mode) refers to main.o(.bss.mtr_rpm) for mtr_rpm
    main.o(.text.Transparent_mode) refers to main.o(.bss.ABSpos) for ABSpos
    main.o(.text.Transparent_mode) refers to main.o(.data.Boundary) for Boundary
    main.o(.text.Transparent_mode) refers to dcmp.o(x$fpl$fcmp) for __aeabi_dcmplt
    main.o(.text.Transparent_mode) refers to main.o(.bss.cmd_current) for cmd_current
    main.o(.text.Transparent_mode) refers to can_receive.o(.text.CAN_cmd_chassis) for CAN_cmd_chassis
    main.o(.ARM.exidx.text.Transparent_mode) refers to main.o(.text.Transparent_mode) for [Anonymous Symbol]
    main.o(.text.computeRepulsiveForce) refers to main.o(.bss.RepulsiveForce) for RepulsiveForce
    main.o(.text.computeRepulsiveForce) refers to main.o(.bss.ABSpos) for ABSpos
    main.o(.text.computeRepulsiveForce) refers to main.o(.data.Boundary) for Boundary
    main.o(.text.computeRepulsiveForce) refers to daddsub_clz.o(x$fpl$dsub) for __aeabi_dsub
    main.o(.text.computeRepulsiveForce) refers to dmul.o(x$fpl$dmul) for __aeabi_dmul
    main.o(.text.computeRepulsiveForce) refers to sqrt.o(i.__hardfp_sqrt) for __hardfp_sqrt
    main.o(.text.computeRepulsiveForce) refers to dcmp.o(x$fpl$fcmp) for __aeabi_dcmpgt
[...]
    [Anonymous Symbol]                       0x080010b8   Section        0  stm32f4xx_hal_can.o(.text.HAL_CAN_TxMailbox1AbortCallback)
    [Anonymous Symbol]                       0x080010bc   Section        0  stm32f4xx_hal_can.o(.text.HAL_CAN_TxMailbox1CompleteCallback)
    [Anonymous Symbol]                       0x080010c0   Section        0  stm32f4xx_hal_can.o(.text.HAL_CAN_TxMailbox2AbortCallback)
    [Anonymous Symbol]                       0x080010c4   Section        0  stm32f4xx_hal_can.o(.text.HAL_CAN_TxMailbox2CompleteCallback)
    [Anonymous Symbol]                       0x080010c8   Section        0  stm32f4xx_hal_can.o(.text.HAL_CAN_WakeUpFromRxMsgCallback)
    [Anonymous Symbol]                       0x080010cc   Section        0  stm32f4xx_hal.o(.text.HAL_Delay)
    [Anonymous Symbol]                       0x080010f4   Section        0  stm32f4xx_hal_gpio.o(.text.HAL_GPIO_Init)
    [Anonymous Symbol]                       0x08001288   Section        0  stm32f4xx_hal_gpio.o(.text.HAL_GPIO_WritePin)
    [Anonymous Symbol]                       0x08001294   Section        0  stm32f4xx_hal.o(.text.HAL_GetTick)
    [Anonymous Symbol]                       0x080012a0   Section        0  stm32f4xx_hal.o(.text.HAL_IncTick)
    [Anonymous Symbol]                       0x080012bc   Section        0  stm32f4xx_hal.o(.text.HAL_Init)
    [Anonymous Symbol]                       0x080012f4   Section        0  stm32f4xx_hal.o(.text.HAL_InitTick)
    [Anonymous Symbol]                       0x08001344   Section        0  stm32f4xx_hal_msp.o(.text.HAL_MspInit)
    [Anonymous Symbol]                       0x0800137c   Section        0  stm32f4xx_hal_cortex.o(.text.HAL_NVIC_EnableIRQ)
    [Anonymous Symbol]                       0x0800139c   Section        0  stm32f4xx_hal_cortex.o(.text.HAL_NVIC_SetPriority)
    [Anonymous Symbol]                       0x080013f4   Section        0  stm32f4xx_hal_cortex.o(.text.HAL_NVIC_SetPriorityGrouping)
    [Anonymous Symbol]                       0x08001414   Section        0  stm32f4xx_hal_rcc.o(.text.HAL_RCC_ClockConfig)
    [Anonymous Symbol]                       0x0800156c   Section        0  stm32f4xx_hal_rcc.o(.text.HAL_RCC_GetPCLK1Freq)
    [Anonymous Symbol]                       0x08001594   Section        0  stm32f4xx_hal_rcc.o(.text.HAL_RCC_GetPCLK2Freq)
    [Anonymous Symbol]                       0x080015bc   Section        0  stm32f4xx_hal_rcc.o(.text.HAL_RCC_GetSysClockFreq)
    [Anonymous Symbol]                       0x08001624   Section        0  stm32f4xx_hal_rcc.o(.text.HAL_RCC_OscConfig)
    [Anonymous Symbol]                       0x08001924   Section        0  stm32f4xx_hal_cortex.o(.text.HAL_SYSTICK_Config)
    [Anonymous Symbol]                       0x08001950   Section        0  stm32f4xx_hal_tim_ex.o(.text.HAL_TIMEx_BreakCallback)
    [Anonymous Symbol]                       0x08001954   Section        0  stm32f4xx_hal_tim_ex.o(.text.HAL_TIMEx_CommutCallback)
    [Anonymous Symbol]                       0x08001958   Section        0  stm32f4xx_hal_tim_ex.o(.text.HAL_TIMEx_MasterConfigSynchronization)
    [Anonymous Symbol]                       0x0800199c   Section        0  stm32f4xx_hal_tim.o(.text.HAL_TIM_Base_Init)
    [Anonymous Symbol]                       0x080019d4   Section        0  tim.o(.text.HAL_TIM_Base_MspInit)
    [Anonymous Symbol]                       0x08001a1c   Section        0  stm32f4xx_hal_tim.o(.text.HAL_TIM_Base_Start_IT)
    [Anonymous Symbol]                       0x08001a3c   Section        0  stm32f4xx_hal_tim.o(.text.HAL_TIM_ConfigClockSource)
    [Anonymous Symbol]                       0x08001bd4   Section        0  stm32f4xx_hal_tim.o(.text.HAL_TIM_IC_CaptureCallback)
    [Anonymous Symbol]                       0x08001bd8   Section        0  stm32f4xx_hal_tim.o(.text.HAL_TIM_IRQHandler)
    [Anonymous Symbol]                       0x08001d44   Section        0  stm32f4xx_hal_tim.o(.text.HAL_TIM_OC_DelayElapsedCallback)
    [Anonymous Symbol]                       0x08001d48   Section        0  stm32f4xx_hal_tim.o(.text.HAL_TIM_PWM_PulseFinishedCallback)
    [Anonymous Symbol]                       0x08001d4c   Section        0  main.o(.text.HAL_TIM_PeriodElapsedCallback)
    [Anonymous Symbol]                       0x08001f9c   Section        0  stm32f4xx_hal_tim.o(.text.HAL_TIM_TriggerCallback)
    [Anonymous Symbol]                       0x08001fa0   Section        0  stm32f4xx_hal_uart.o(.text.HAL_UART_Init)
    [Anonymous Symbol]                       0x08002000   Section        0  usart.o(.text.HAL_UART_MspInit)
    [Anonymous Symbol]                       0x08002130   Section        0  stm32f4xx_hal_uart.o(.text.HAL_UART_Transmit)
    [Anonymous Symbol]                       0x0800226c   Section        0  stm32f4xx_it.o(.text.HardFault_Handler)
    [Anonymous Symbol]                       0x08002270   Section        0  can.o(.text.MX_CAN1_Init)
    [Anonymous Symbol]                       0x080022b0   Section        0  can.o(.text.MX_CAN2_Init)
    [Anonymous Symbol]                       0x080022f0   Section        0  gpio.o(.text.MX_GPIO_Init)
    [Anonymous Symbol]                       0x08002388   Section        0  tim.o(.text.MX_TIM1_Init)
    [Anonymous Symbol]                       0x08002414   Section        0  usart.o(.text.MX_USART1_UART_Init)
    [Anonymous Symbol]                       0x08002460   Section        0  stm32f4xx_it.o(.text.MemManage_Handler)
    [Anonymous Symbol]                       0x08002464   Section        0  stm32f4xx_it.o(.text.NMI_Handler)
    [Anonymous Symbol]                       0x08002468   Section        0  pid.o(.text.PID_calc)
    [Anonymous Symbol]                       0x080025b4   Section        0  pid.o(.text.PID_init)
    [Anonymous Symbol]                       0x080025e0   Section        0  stm32f4xx_it.o(.text.PendSV_Handler)
    [Anonymous Symbol]                       0x080025e4   Section        0  stm32f4xx_it.o(.text.SVC_Handler)
    [Anonymous Symbol]                       0x080025e8   Section        0  stm32f4xx_it.o(.text.SysTick_Handler)
    [Anonymous Symbol]                       0x080025ec   Section        0  main.o(.text.SystemClock_Config)
    [Anonymous Symbol]                       0x080026a0   Section        0  system_stm32f4xx.o(.text.SystemInit)
    [Anonymous Symbol]                       0x080026f8   Section        0  tim.o(.text.TIM6_DAC_IRQHandler)
    [Anonymous Symbol]                       0x08002704   Section        0  stm32f4xx_hal_tim.o(.text.TIM_Base_SetConfig)
    UART_SetConfig                           0x08002829   Thumb Code   598  stm32f4xx_hal_uart.o(.text.UART_SetConfig)
    [Anonymous Symbol]                       0x08002828   Section        0  stm32f4xx_hal_uart.o(.text.UART_SetConfig)
    [Anonymous Symbol]                       0x08002a80   Section        0  main.o(.text.USART1_IRQHandler)
    [Anonymous Symbol]                       0x08002b68   Section        0  usart.o(.text.USART6_IRQHandler)
    [Anonymous Symbol]                       0x08002c2c   Section        0  stm32f4xx_it.o(.text.UsageFault_Handler)
    [Anonymous Symbol]                       0x08002c30   Section        0  usart.o(.text._sys_exit)
    [Anonymous Symbol]                       0x08002c34   Section        0  tim.o(.text.btim_timx_int_init)
    [Anonymous Symbol]                       0x08002c60   Section        0  bsp_can.o(.text.can_filter_init)
    [Anonymous Symbol]                       0x08002cc8   Section        0  main.o(.text.computeAttractiveForce)
    [Anonymous Symbol]                       0x08002e50   Section        0  main.o(.text.computeRepulsiveForce)
    [Anonymous Symbol]                       0x08003090   Section        0  usart.o(.text.fputc)
    [Anonymous Symbol]                       0x080030a4   Section        0  can_receive.o(.text.get_chassis_motor_measure_point)
    [Anonymous Symbol]                       0x080030bc   Section        0  main.o(.text.main)
    i.__hardfp_sqrt                          0x0800315c   Section        0  sqrt.o(i.__hardfp_sqrt)
    $v0                                      0x080031d8   Number         0  d2f.o(x$fpl$d2f)
    x$fpl$d2f                                0x080031d8   Section       98  d2f.o(x$fpl$d2f)
    $v0                                      0x0800323c   Number         0  daddsub_clz.o(x$fpl$dadd)
    x$fpl$dadd                               0x0800323c   Section      336  daddsub_clz.o(x$fpl$dadd)
    _dadd1                                   0x0800324d   Thumb Code     0  daddsub_clz.o(x$fpl$dadd)
    $v0                                      0x0800338c   Number         0  dcmpi.o(x$fpl$dcmpinf)
    x$fpl$dcmpinf                            0x0800338c   Section       24  dcmpi.o(x$fpl$dcmpinf)
    $v0                                      0x080033a4   Number         0  ddiv.o(x$fpl$ddiv)
    x$fpl$ddiv                               0x080033a4   Section      692  ddiv.o(x$fpl$ddiv)
    ddiv_entry                               0x080033ab   Thumb Code     0  ddiv.o(x$fpl$ddiv)
    $v0                                      0x08003658   Number         0  deqf.o(x$fpl$deqf)
    x$fpl$deqf                               0x08003658   Section      120  deqf.o(x$fpl$deqf)
    $v0                                      0x080036d0   Number         0  dflt_clz.o(x$fpl$dflt)
    x$fpl$dflt                               0x080036d0   Section       46  dflt_clz.o(x$fpl$dflt)
    $v0                                      0x08003700   Number         0  dgeqf.o(x$fpl$dgeqf)
    x$fpl$dgeqf                              0x08003700   Section      120  dgeqf.o(x$fpl$dgeqf)
    $v0                                      0x08003778   Number         0  dleqf.o(x$fpl$dleqf)
    x$fpl$dleqf                              0x08003778   Section      120  dleqf.o(x$fpl$dleqf)
    $v0                                      0x080037f0   Number         0  dmul.o(x$fpl$dmul)
    x$fpl$dmul                               0x080037f0   Section      340  dmul.o(x$fpl$dmul)
    $v0                                      0x08003944   Number         0  dnaninf.o(x$fpl$dnaninf)
    x$fpl$dnaninf                            0x08003944   Section      156  dnaninf.o(x$fpl$dnaninf)
    $v0                                      0x080039e0   Number         0  dretinf.o(x$fpl$dretinf)
    x$fpl$dretinf                            0x080039e0   Section       12  dretinf.o(x$fpl$dretinf)
    $v0                                      0x080039ec   Number         0  dsqrt_umaal.o(x$fpl$dsqrt)
    x$fpl$dsqrt                              0x080039ec   Section      408  dsqrt_umaal.o(x$fpl$dsqrt)
    $v0                                      0x08003b84   Number         0  daddsub_clz.o(x$fpl$dsub)
    x$fpl$dsub                               0x08003b84   Section      476  daddsub_clz.o(x$fpl$dsub)
    _dsub1                                   0x08003b95   Thumb Code     0  daddsub_clz.o(x$fpl$dsub)
    $v0                                      0x08003d60   Number         0  f2d.o(x$fpl$f2d)
    x$fpl$f2d                                0x08003d60   Section       86  f2d.o(x$fpl$f2d)
    $v0                                      0x08003db6   Number         0  dcmp.o(x$fpl$fcmp)
    x$fpl$fcmp                               0x08003db6   Section       84  dcmp.o(x$fpl$fcmp)
    $v0                                      0x08003e0a   Number         0  fnaninf.o(x$fpl$fnaninf)
    x$fpl$fnaninf                            0x08003e0a   Section      140  fnaninf.o(x$fpl$fnaninf)
    $v0                                      0x08003e96   Number         0  fpinit.o(x$fpl$fpinit)
    x$fpl$fpinit                             0x08003e96   Section       26  fpinit.o(x$fpl$fpinit)
    $v0                                      0x08003eb0   Number         0  fretinf.o(x$fpl$fretinf)
    x$fpl$fretinf                            0x08003eb0   Section       10  fretinf.o(x$fpl$fretinf)
    x$fpl$usenofp                            0x08003eba   Section        0  usenofp.o(x$fpl$usenofp)
    .Lswitch.table.USART6_IRQHandler         0x08003ebc   Data          12  usart.o(.rodata..Lswitch.table.USART6_IRQHandler)
    .L.str.1                                 0x08003ef8   Data          20  usart.o(.rodata.str1.1)
    [Anonymous Symbol]                       0x08003ef8   Section        0  usart.o(.rodata.str1.1)
    .L.str                                   0x08003f0c   Data          32  usart.o(.rodata.str1.1)
    .bss                                     0x20000098   Section       96  libspace.o(.bss)
    HAL_RCC_CAN1_CLK_ENABLED                 0x20000118   Data           4  can.o(.bss.HAL_RCC_CAN1_CLK_ENABLED)
    [Anonymous Symbol]                       0x20000118   Section        0  can.o(.bss.HAL_RCC_CAN1_CLK_ENABLED)
    IMU_DataRev.ucRxBuffer                   0x2000011c   Data         250  usart.o(.bss.IMU_DataRev.ucRxBuffer)
    [Anonymous Symbol]                       0x2000011c   Section        0  usart.o(.bss.IMU_DataRev.ucRxBuffer)
    IMU_DataRev.ucRxCnt                      0x20000216   Data           1  usart.o(.bss.IMU_DataRev.ucRxCnt)
    [Anonymous Symbol]                       0x20000216   Section        0  usart.o(.bss.IMU_DataRev.ucRxCnt)
    USART1_IRQHandler.rxBuffer               0x200002c0   Data          20  main.o(.bss.USART1_IRQHandler.rxBuffer)
    [Anonymous Symbol]                       0x200002c0   Section        0  main.o(.bss.USART1_IRQHandler.rxBuffer)
    USART1_IRQHandler.rxIndex                0x200002d4   Data           1  main.o(.bss.USART1_IRQHandler.rxIndex)
    [Anonymous Symbol]                       0x200002d4   Section        0  main.o(.bss.USART1_IRQHandler.rxIndex)
    chassis_can_send_data                    0x20000350   Data           8  can_receive.o(.bss.chassis_can_send_data)
    [Anonymous Symbol]                       0x20000350   Section        0  can_receive.o(.bss.chassis_can_send_data)
    chassis_tx_message                       0x20000358   Data          24  can_receive.o(.bss.chassis_tx_message)
    [Anonymous Symbol]                       0x20000358   Section        0  can_receive.o(.bss.chassis_tx_message)
    motor_chassis                            0x200004d8   Data          70  can_receive.o(.bss.motor_chassis)
    [Anonymous Symbol]                       0x200004d8   Section        0  can_receive.o(.bss.motor_chassis)
    Heap_Mem                                 0x20000590   Data         512  startup_stm32f407xx.o(HEAP)
    HEAP                                     0x20000590   Section      512  startup_stm32f407xx.o(HEAP)
    Stack_Mem                                0x20000790   Data        1024  startup_stm32f407xx.o(STACK)
    STACK                                    0x20000790   Section     1024  startup_stm32f407xx.o(STACK)
    __initial_sp                             0x20000b90   Data           0  startup_stm32f407xx.o(STACK)

    Global Symbols

    Symbol Name                              Value     Ov Type        Size  Object(Section)

    BuildAttributes$$THM_ISAv4$E$P$D$K$B$S$7EM$VFPi3$EXTD16$VFPS$VFMA$PE$A:L22UL41UL21$X:L11$S22US41US21$IEEE1$IW$~IW$USESV6$~STKCKD$USESV7$~SHL$OTIME$ROPI$IEEEJ$EBA8$UX$STANDARDLIB$REQ8$PRES8$EABIv2 0x00000000   Number         0  anon$$obj.o ABSOLUTE
    __ARM_exceptions_init                     - Undefined Weak Reference
    __alloca_initialize                       - Undefined Weak Reference
    __arm_preinit_                            - Undefined Weak Reference
    __arm_relocate_pie_                       - Undefined Weak Reference
    __cpp_initialize__aeabi_                  - Undefined Weak Reference
    __cxa_finalize                            - Undefined Weak Reference
    __rt_locale                               - Undefined Weak Reference
    __sigvec_lookup                           - Undefined Weak Reference
    _atexit_init                              - Undefined Weak Reference
    _call_atexit_fns                          - Undefined Weak Reference
    _clock_init                               - Undefined Weak Reference
    _fp_trap_init                             - Undefined Weak Reference
    _fp_trap_shutdown                         - Undefined Weak Reference
    _get_lc_collate                           - Undefined Weak Reference
    _get_lc_ctype                             - Undefined Weak Reference
    _get_lc_monetary                          - Undefined Weak Reference
    _get_lc_numeric                           - Undefined Weak Reference
    _get_lc_time                              - Undefined Weak Reference
    _getenv_init                              - Undefined Weak Reference
    _handle_redirection                       - Undefined Weak Reference
    _init_alloc                               - Undefined Weak Reference
    _init_user_alloc                          - Undefined Weak Reference
    _initio                                   - Undefined Weak Reference
    _mutex_acquire                            - Undefined Weak Reference
    _mutex_release                            - Undefined Weak Reference
    _printf_mbtowc                            - Undefined Weak Reference
    _printf_post_padding                      - Undefined Weak Reference
    _printf_pre_padding                       - Undefined Weak Reference
    _printf_truncate_signed                   - Undefined Weak Reference
    _printf_truncate_unsigned                 - Undefined Weak Reference
    _rand_init                                - Undefined Weak Reference
    _signal_finish                            - Undefined Weak Reference
    _signal_init                              - Undefined Weak Reference
    _terminate_alloc                          - Undefined Weak Reference
    _terminate_user_alloc                     - Undefined Weak Reference
    _terminateio                              - Undefined Weak Reference
    __Vectors_Size                           0x00000188   Number         0  startup_stm32f407xx.o ABSOLUTE
    __Vectors                                0x08000000   Data           4  startup_stm32f407xx.o(RESET)
    __Vectors_End                            0x08000188   Data           0  startup_stm32f407xx.o(RESET)
    __main                                   0x08000189   Thumb Code     8  __main.o(!!!main)
    __scatterload                            0x08000191   Thumb Code     0  __scatter.o(!!!scatter)
    __scatterload_rt2                        0x08000191   Thumb Code    84  __scatter.o(!!!scatter)
    __scatterload_rt2_thumb_only             0x08000191   Thumb Code     0  __scatter.o(!!!scatter)
    __scatterload_loop                       0x0800019b   Thumb Code     0  __scatter.o(!!!scatter)
    __scatterload_copy                       0x080001ed   Thumb Code    26  __scatter_copy.o(!!handler_copy)
    __scatterload_null                       0x08000209   Thumb Code     2  __scatter.o(!!handler_null)
    __scatterload_zeroinit                   0x0800020d   Thumb Code    28  __scatter_zi.o(!!handler_zi)
    _printf_d                                0x08000229   Thumb Code     0  _printf_d.o(.ARM.Collect$$_printf_percent$$00000009)
    _printf_percent                          0x08000229   Thumb Code     0  _printf_percent.o(.ARM.Collect$$_printf_percent$$00000000)
    _printf_c                                0x0800022f   Thumb Code     0  _printf_c.o(.ARM.Collect$$_printf_percent$$00000013)
    _printf_percent_end                      0x08000235   Thumb Code     0  _printf_percent_end.o(.ARM.Collect$$_printf_percent$$00000017)
    __rt_lib_init                            0x08000239   Thumb Code     0  libinit.o(.ARM.Collect$$libinit$$00000000)
    __rt_lib_init_fp_1                       0x0800023b   Thumb Code     0  libinit2.o(.ARM.Collect$$libinit$$00000001)
    __rt_lib_init_alloca_1                   0x0800023f   Thumb Code     0  libinit2.o(.ARM.Collect$$libinit$$00000030)
    __rt_lib_init_argv_1                     0x0800023f   Thumb Code     0  libinit2.o(.ARM.Collect$$libinit$$0000002E)
    __rt_lib_init_atexit_1                   0x0800023f   Thumb Code     0  libinit2.o(.ARM.Collect$$libinit$$0000001D)
    __rt_lib_init_clock_1                    0x0800023f   Thumb Code     0  libinit2.o(.ARM.Collect$$libinit$$00000023)
    __rt_lib_init_cpp_1                      0x0800023f   Thumb Code     0  libinit2.o(.ARM.Collect$$libinit$$00000034)
    __rt_lib_init_exceptions_1               0x0800023f   Thumb Code     0  libinit2.o(.ARM.Collect$$libinit$$00000032)
    __rt_lib_init_fp_trap_1                  0x0800023f   Thumb Code     0  libinit2.o(.ARM.Collect$$libinit$$00000021)
    __rt_lib_init_getenv_1                   0x0800023f   Thumb Code     0  libinit2.o(.ARM.Collect$$libinit$$00000025)
    __rt_lib_init_heap_1                     0x0800023f   Thumb Code     0  libinit2.o(.ARM.Collect$$libinit$$0000000C)
    __rt_lib_init_lc_collate_1               0x0800023f   Thumb Code     0  libinit2.o(.ARM.Collect$$libinit$$00000013)
    __rt_lib_init_lc_ctype_1                 0x0800023f   Thumb Code     0  libinit2.o(.ARM.Collect$$libinit$$00000015)
    __rt_lib_init_lc_monetary_1              0x0800023f   Thumb Code     0  libinit2.o(.ARM.Collect$$libinit$$00000017)
    __rt_lib_init_lc_numeric_1               0x0800023f   Thumb Code     0  libinit2.o(.ARM.Collect$$libinit$$00000019)
    __rt_lib_init_lc_time_1                  0x0800023f   Thumb Code     0  libinit2.o(.ARM.Collect$$libinit$$0000001B)
    __rt_lib_init_preinit_1                  0x0800023f   Thumb Code     0  libinit2.o(.ARM.Collect$$libinit$$00000006)
    __rt_lib_init_rand_1                     0x0800023f   Thumb Code     0  libinit2.o(.ARM.Collect$$libinit$$00000010)
    __rt_lib_init_relocate_pie_1             0x0800023f   Thumb Code     0  libinit2.o(.ARM.Collect$$libinit$$00000004)
    __rt_lib_init_return                     0x0800023f   Thumb Code     0  libinit2.o(.ARM.Collect$$libinit$$00000035)
    __rt_lib_init_signal_1                   0x0800023f   Thumb Code     0  libinit2.o(.ARM.Collect$$libinit$$0000001F)
    __rt_lib_init_stdio_1                    0x0800023f   Thumb Code     0  libinit2.o(.ARM.Collect$$libinit$$00000027)
    __rt_lib_init_user_alloc_1               0x0800023f   Thumb Code     0  libinit2.o(.ARM.Collect$$libinit$$0000000E)
    __rt_lib_shutdown                        0x08000241   Thumb Code     0  libshutdown.o(.ARM.Collect$$libshutdown$$00000000)
    __rt_lib_shutdown_cpp_1                  0x08000243   Thumb Code     0  libshutdown2.o(.ARM.Collect$$libshutdown$$00000002)
    __rt_lib_shutdown_fp_trap_1              0x08000243   Thumb Code     0  libshutdown2.o(.ARM.Collect$$libshutdown$$00000007)
    __rt_lib_shutdown_heap_1                 0x08000243   Thumb Code     0  libshutdown2.o(.ARM.Collect$$libshutdown$$0000000F)
    __rt_lib_shutdown_return                 0x08000243   Thumb Code     0  libshutdown2.o(.ARM.Collect$$libshutdown$$00000010)
    __rt_lib_shutdown_signal_1               0x08000243   Thumb Code     0  libshutdown2.o(.ARM.Collect$$libshutdown$$0000000A)
    __rt_lib_shutdown_stdio_1                0x08000243   Thumb Code     0  libshutdown2.o(.ARM.Collect$$libshutdown$$00000004)
    __rt_lib_shutdown_user_alloc_1           0x08000243   Thumb Code     0  libshutdown2.o(.ARM.Collect$$libshutdown$$0000000C)
    __rt_entry                               0x08000245   Thumb Code     0  __rtentry.o(.ARM.Collect$$rtentry$$00000000)
    __rt_entry_presh_1                       0x08000245   Thumb Code     0  __rtentry2.o(.ARM.Collect$$rtentry$$00000002)
    __rt_entry_sh                            0x08000245   Thumb Code     0  __rtentry4.o(.ARM.Collect$$rtentry$$00000004)
    __rt_entry_li                            0x0800024b   Thumb Code     0  __rtentry2.o(.ARM.Collect$$rtentry$$0000000A)
    __rt_entry_postsh_1                      0x0800024b   Thumb Code     0  __rtentry2.o(.ARM.Collect$$rtentry$$00000009)
    __rt_entry_main                          0x0800024f   Thumb Code     0  __rtentry2.o(.ARM.Collect$$rtentry$$0000000D)
    __rt_entry_postli_1                      0x0800024f   Thumb Code     0  __rtentry2.o(.ARM.Collect$$rtentry$$0000000C)
    __rt_exit                                0x08000257   Thumb Code     0  rtexit.o(.ARM.Collect$$rtexit$$00000000)
    __rt_exit_ls                             0x08000259   Thumb Code     0  rtexit2.o(.ARM.Collect$$rtexit$$00000003)
    __rt_exit_prels_1                        0x08000259   Thumb Code     0  rtexit2.o(.ARM.Collect$$rtexit$$00000002)
    __rt_exit_exit                           0x0800025d   Thumb Code     0  rtexit2.o(.ARM.Collect$$rtexit$$00000004)
    Reset_Handler                            0x08000265   Thumb Code     8  startup_stm32f407xx.o(.text)
    ADC_IRQHandler                           0x0800027f   Thumb Code     0  startup_stm32f407xx.o(.text)
    CAN1_RX1_IRQHandler                      0x0800027f   Thumb Code     0  startup_stm32f407xx.o(.text)
    CAN1_SCE_IRQHandler                      0x0800027f   Thumb Code     0  startup_stm32f407xx.o(.text)
    CAN1_TX_IRQHandler                       0x0800027f   Thumb Code     0  startup_stm32f407xx.o(.text)
    CAN2_RX1_IRQHandler                      0x0800027f   Thumb Code     0  startup_stm32f407xx.o(.text)
    CAN2_SCE_IRQHandler                      0x0800027f   Thumb Code     0  startup_stm32f407xx.o(.text)
    CAN2_TX_IRQHandler                       0x0800027f   Thumb Code     0  startup_stm32f407xx.o(.text)
    DCMI_IRQHandler                          0x0800027f   Thumb Code     0  startup_stm32f407xx.o(.text)
    DMA1_Stream0_IRQHandler                  0x0800027f   Thumb Code     0  startup_stm32f407xx.o(.text)
    DMA1_Stream1_IRQHandler                  0x0800027f   Thumb Code     0  startup_stm32f407xx.o(.text)
    DMA1_Stream2_IRQHandler                  0x0800027f   Thumb Code     0  startup_stm32f407xx.o(.text)
    DMA1_Stream3_IRQHandler                  0x0800027f   Thumb Code     0  startup_stm32f407xx.o(.text)
    DMA1_Stream4_IRQHandler                  0x0800027f   Thumb Code     0  startup_stm32f407xx.o(.text)
    DMA1_Stream5_IRQHandler                  0x0800027f   Thumb Code     0  startup_stm32f407xx.o(.text)
    DMA1_Stream6_IRQHandler                  0x0800027f   Thumb Code     0  startup_stm32f407xx.o(.text)
    DMA1_Stream7_IRQHandler                  0x0800027f   Thumb Code     0  startup_stm32f407xx.o(.text)
    DMA2_Stream0_IRQHandler                  0x0800027f   Thumb Code     0  startup_stm32f407xx.o(.text)
    DMA2_Stream1_IRQHandler                  0x0800027f   Thumb Code     0  startup_stm32f407xx.o(.text)
    DMA2_Stream2_IRQHandler                  0x0800027f   Thumb Code     0  startup_stm32f407xx.o(.text)
    DMA2_Stream3_IRQHandler                  0x0800027f   Thumb Code     0  startup_stm32f407xx.o(.text)
    DMA2_Stream4_IRQHandler                  0x0800027f   Thumb Code     0  startup_stm32f407xx.o(.text)
    DMA2_Stream5_IRQHandler                  0x0800027f   Thumb Code     0  startup_stm32f407xx.o(.text)
    DMA2_Stream6_IRQHandler                  0x0800027f   Thumb Code     0  startup_stm32f407xx.o(.text)
    DMA2_Stream7_IRQHandler                  0x0800027f   Thumb Code     0  startup_stm32f407xx.o(.text)
    ETH_IRQHandler                           0x0800027f   Thumb Code     0  startup_stm32f407xx.o(.text)
    ETH_WKUP_IRQHandler                      0x0800027f   Thumb Code     0  startup_stm32f407xx.o(.text)
    EXTI0_IRQHandler                         0x0800027f   Thumb Code     0  startup_stm32f407xx.o(.text)
    EXTI15_10_IRQHandler                     0x0800027f   Thumb Code     0  startup_stm32f407xx.o(.text)
    EXTI1_IRQHandler                         0x0800027f   Thumb Code     0  startup_stm32f407xx.o(.text)
    EXTI2_IRQHandler                         0x0800027f   Thumb Code     0  startup_stm32f407xx.o(.text)
    EXTI3_IRQHandler                         0x0800027f   Thumb Code     0  startup_stm32f407xx.o(.text)
    EXTI4_IRQHandler                         0x0800027f   Thumb Code     0  startup_stm32f407xx.o(.text)
    EXTI9_5_IRQHandler                       0x0800027f   Thumb Code     0  startup_stm32f407xx.o(.text)
    FLASH_IRQHandler                         0x0800027f   Thumb Code     0  startup_stm32f407xx.o(.text)
    FMC_IRQHandler                           0x0800027f   Thumb Code     0  startup_stm32f407xx.o(.text)
    FPU_IRQHandler                           0x0800027f   Thumb Code     0  startup_stm32f407xx.o(.text)
    HASH_RNG_IRQHandler                      0x0800027f   Thumb Code     0  startup_stm32f407xx.o(.text)
    I2C1_ER_IRQHandler                       0x0800027f   Thumb Code     0  startup_stm32f407xx.o(.text)
    I2C1_EV_IRQHandler                       0x0800027f   Thumb Code     0  startup_stm32f407xx.o(.text)
    I2C2_ER_IRQHandler                       0x0800027f   Thumb Code     0  startup_stm32f407xx.o(.text)
    I2C2_EV_IRQHandler                       0x0800027f   Thumb Code     0  startup_stm32f407xx.o(.text)
    I2C3_ER_IRQHandler                       0x0800027f   Thumb Code     0  startup_stm32f407xx.o(.text)
    I2C3_EV_IRQHandler                       0x0800027f   Thumb Code     0  startup_stm32f407xx.o(.text)
    OTG_FS_IRQHandler                        0x0800027f   Thumb Code     0  startup_stm32f407xx.o(.text)
    OTG_FS_WKUP_IRQHandler                   0x0800027f   Thumb Code     0  startup_stm32f407xx.o(.text)
    OTG_HS_EP1_IN_IRQHandler                 0x0800027f   Thumb Code     0  startup_stm32f407xx.o(.text)
    OTG_HS_EP1_OUT_IRQHandler                0x0800027f   Thumb Code     0  startup_stm32f407xx.o(.text)
    OTG_HS_IRQHandler                        0x0800027f   Thumb Code     0  startup_stm32f407xx.o(.text)
    OTG_HS_WKUP_IRQHandler                   0x0800027f   Thumb Code     0  startup_stm32f407xx.o(.text)
    PVD_IRQHandler                           0x0800027f   Thumb Code     0  startup_stm32f407xx.o(.text)
    RCC_IRQHandler                           0x0800027f   Thumb Code     0  startup_stm32f407xx.o(.text)
    RTC_Alarm_IRQHandler                     0x0800027f   Thumb Code     0  startup_stm32f407xx.o(.text)
    RTC_WKUP_IRQHandler                      0x0800027f   Thumb Code     0  startup_stm32f407xx.o(.text)
    SDIO_IRQHandler                          0x0800027f   Thumb Code     0  startup_stm32f407xx.o(.text)
    SPI1_IRQHandler                          0x0800027f   Thumb Code     0  startup_stm32f407xx.o(.text)
    SPI2_IRQHandler                          0x0800027f   Thumb Code     0  startup_stm32f407xx.o(.text)
    SPI3_IRQHandler                          0x0800027f   Thumb Code     0  startup_stm32f407xx.o(.text)
    TAMP_STAMP_IRQHandler                    0x0800027f   Thumb Code     0  startup_stm32f407xx.o(.text)
    TIM1_BRK_TIM9_IRQHandler                 0x0800027f   Thumb Code     0  startup_stm32f407xx.o(.text)
    TIM1_CC_IRQHandler                       0x0800027f   Thumb Code     0  startup_stm32f407xx.o(.text)
    TIM1_TRG_COM_TIM11_IRQHandler            0x0800027f   Thumb Code     0  startup_stm32f407xx.o(.text)
    TIM1_UP_TIM10_IRQHandler                 0x0800027f   Thumb Code     0  startup_stm32f407xx.o(.text)
    TIM2_IRQHandler                          0x0800027f   Thumb Code     0  startup_stm32f407xx.o(.text)
    TIM3_IRQHandler                          0x0800027f   Thumb Code     0  startup_stm32f407xx.o(.text)
    TIM4_IRQHandler                          0x0800027f   Thumb Code     0  startup_stm32f407xx.o(.text)
    TIM5_IRQHandler                          0x0800027f   Thumb Code     0  startup_stm32f407xx.o(.text)
    TIM7_IRQHandler                          0x0800027f   Thumb Code     0  startup_stm32f407xx.o(.text)
    TIM8_BRK_TIM12_IRQHandler                0x0800027f   Thumb Code     0  startup_stm32f407xx.o(.text)
    TIM8_CC_IRQHandler                       0x0800027f   Thumb Code     0  startup_stm32f407xx.o(.text)
    TIM8_TRG_COM_TIM14_IRQHandler            0x0800027f   Thumb Code     0  startup_stm32f407xx.o(.text)
    TIM8_UP_TIM13_IRQHandler                 0x0800027f   Thumb Code     0  startup_stm32f407xx.o(.text)
    UART4_IRQHandler                         0x0800027f   Thumb Code     0  startup_stm32f407xx.o(.text)
    UART5_IRQHandler                         0x0800027f   Thumb Code     0  startup_stm32f407xx.o(.text)
    USART2_IRQHandler                        0x0800027f   Thumb Code     0  startup_stm32f407xx.o(.text)
    USART3_IRQHandler                        0x0800027f   Thumb Code     0  startup_stm32f407xx.o(.text)
    WWDG_IRQHandler                          0x0800027f   Thumb Code     0  startup_stm32f407xx.o(.text)
    __user_initial_stackheap                 0x08000281   Thumb Code     0  startup_stm32f407xx.o(.text)
    __use_no_semihosting                     0x080002a5   Thumb Code     2  use_no_semi_2.o(.text)
    __aeabi_uldivmod                         0x080002a7   Thumb Code     0  lludivv7m.o(.text)
    _ll_udiv                                 0x080002a7   Thumb Code   240  lludivv7m.o(.text)
    __2printf                                0x08000399   Thumb Code    20  noretval__2printf.o(.text)
    __printf                                 0x080003b1   Thumb Code   104  __printf.o(.text)
    _printf_str                              0x08000419   Thumb Code    82  _printf_str.o(.text)
    _printf_int_dec                          0x0800046d   Thumb Code   104  _printf_dec.o(.text)
    __aeabi_memclr4                          0x080004e5   Thumb Code     0  rt_memclr_w.o(.text)
    __aeabi_memclr8                          0x080004e5   Thumb Code     0  rt_memclr_w.o(.text)
    __rt_memclr_w                            0x080004e5   Thumb Code     0  rt_memclr_w.o(.text)
    _memset_w                                0x080004e9   Thumb Code    74  rt_memclr_w.o(.text)
    __use_two_region_memory                  0x08000533   Thumb Code     2  heapauxi.o(.text)
    __rt_heap_escrow$2region                 0x08000535   Thumb Code     2  heapauxi.o(.text)
    __rt_heap_expand$2region                 0x08000537   Thumb Code     2  heapauxi.o(.text)
    __semihosting$guard                      0x08000539   Thumb Code     0  use_no_semi.o(.text)
    __use_no_semihosting_swi                 0x08000539   Thumb Code     2  use_no_semi.o(.text)
    __read_errno                             0x0800053b   Thumb Code    10  _rserrno.o(.text)
    __set_errno                              0x08000545   Thumb Code    12  _rserrno.o(.text)
    _printf_int_common                       0x08000551   Thumb Code   178  _printf_intcommon.o(.text)
    _printf_cs_common                        0x08000603   Thumb Code    20  _printf_char.o(.text)
    _printf_char                             0x08000617   Thumb Code    16  _printf_char.o(.text)
    _printf_string                           0x08000627   Thumb Code     8  _printf_char.o(.text)
    _printf_char_file                        0x08000631   Thumb Code    32  _printf_char_file.o(.text)
    __aeabi_errno_addr                       0x08000655   Thumb Code     8  rt_errno_addr_intlibspace.o(.text)
    __errno$intlibspace                      0x08000655   Thumb Code     0  rt_errno_addr_intlibspace.o(.text)
    __rt_errno_addr$intlibspace              0x08000655   Thumb Code     0  rt_errno_addr_intlibspace.o(.text)
    _printf_char_common                      0x08000667   Thumb Code    32  _printf_char_common.o(.text)
    ferror                                   0x0800068d   Thumb Code     8  ferror.o(.text)
    __user_libspace                          0x08000695   Thumb Code     8  libspace.o(.text)
    __user_perproc_libspace                  0x08000695   Thumb Code     0  libspace.o(.text)
    __user_perthread_libspace                0x08000695   Thumb Code     0  libspace.o(.text)
    __user_setup_stackheap                   0x0800069d   Thumb Code    74  sys_stackheap_outer.o(.text)
    exit                                     0x080006e7   Thumb Code    18  exit.o(.text)
    APF_mode                                 0x080006f9   Thumb Code   314  main.o(.text.APF_mode)
    BusFault_Handler                         0x08000835   Thumb Code     2  stm32f4xx_it.o(.text.BusFault_Handler)
    CAN1_RX0_IRQHandler                      0x08000839   Thumb Code    12  stm32f4xx_it.o(.text.CAN1_RX0_IRQHandler)
    CAN2_RX0_IRQHandler                      0x08000845   Thumb Code    12  stm32f4xx_it.o(.text.CAN2_RX0_IRQHandler)
    CAN_cmd_chassis                          0x08000851   Thumb Code   104  can_receive.o(.text.CAN_cmd_chassis)
    DebugMon_Handler                         0x080008b9   Thumb Code     2  stm32f4xx_it.o(.text.DebugMon_Handler)
    Error_Handler                            0x080008bd   Thumb Code    14  main.o(.text.Error_Handler)
    HAL_CAN_ActivateNotification             0x080008cd   Thumb Code    38  stm32f4xx_hal_can.o(.text.HAL_CAN_ActivateNotification)
    HAL_CAN_AddTxMessage                     0x080008f5   Thumb Code   168  stm32f4xx_hal_can.o(.text.HAL_CAN_AddTxMessage)
    HAL_CAN_ConfigFilter                     0x0800099d   Thumb Code   222  stm32f4xx_hal_can.o(.text.HAL_CAN_ConfigFilter)
    HAL_CAN_ErrorCallback                    0x08000a7d   Thumb Code     2  stm32f4xx_hal_can.o(.text.HAL_CAN_ErrorCallback)
    HAL_CAN_GetRxMessage                     0x08000a81   Thumb Code   270  stm32f4xx_hal_can.o(.text.HAL_CAN_GetRxMessage)
    HAL_CAN_IRQHandler                       0x08000b91   Thumb Code   578  stm32f4xx_hal_can.o(.text.HAL_CAN_IRQHandler)
    HAL_CAN_Init                             0x08000dd5   Thumb Code   244  stm32f4xx_hal_can.o(.text.HAL_CAN_Init)
    HAL_CAN_MspInit                          0x08000ec9   Thumb Code   284  can.o(.text.HAL_CAN_MspInit)
    HAL_CAN_RxFifo0FullCallback              0x08000fe5   Thumb Code     2  stm32f4xx_hal_can.o(.text.HAL_CAN_RxFifo0FullCallback)
    HAL_CAN_RxFifo0MsgPendingCallback        0x08000fe9   Thumb Code    94  can_receive.o(.text.HAL_CAN_RxFifo0MsgPendingCallback)
    HAL_CAN_RxFifo1FullCallback              0x08001049   Thumb Code     2  stm32f4xx_hal_can.o(.text.HAL_CAN_RxFifo1FullCallback)
    HAL_CAN_RxFifo1MsgPendingCallback        0x0800104d   Thumb Code     2  stm32f4xx_hal_can.o(.text.HAL_CAN_RxFifo1MsgPendingCallback)
    HAL_CAN_SleepCallback                    0x08001051   Thumb Code     2  stm32f4xx_hal_can.o(.text.HAL_CAN_SleepCallback)
    HAL_CAN_Start                            0x08001055   Thumb Code    90  stm32f4xx_hal_can.o(.text.HAL_CAN_Start)
    HAL_CAN_TxMailbox0AbortCallback          0x080010b1   Thumb Code     2  stm32f4xx_hal_can.o(.text.HAL_CAN_TxMailbox0AbortCallback)
    HAL_CAN_TxMailbox0CompleteCallback       0x080010b5   Thumb Code     2  stm32f4xx_hal_can.o(.text.HAL_CAN_TxMailbox0CompleteCallback)
    HAL_CAN_TxMailbox1AbortCallback          0x080010b9   Thumb Code     2  stm32f4xx_hal_can.o(.text.HAL_CAN_TxMailbox1AbortCallback)
    HAL_CAN_TxMailbox1CompleteCallback       0x080010bd   Thumb Code     2  stm32f4xx_hal_can.o(.text.HAL_CAN_TxMailbox1CompleteCallback)
    HAL_CAN_TxMailbox2AbortCallback          0x080010c1   Thumb Code     2  stm32f4xx_hal_can.o(.text.HAL_CAN_TxMailbox2AbortCallback)
    HAL_CAN_TxMailbox2CompleteCallback       0x080010c5   Thumb Code     2  stm32f4xx_hal_can.o(.text.HAL_CAN_TxMailbox2CompleteCallback)
    HAL_CAN_WakeUpFromRxMsgCallback          0x080010c9   Thumb Code     2  stm32f4xx_hal_can.o(.text.HAL_CAN_WakeUpFromRxMsgCallback)
    HAL_Delay                                0x080010cd   Thumb Code    40  stm32f4xx_hal.o(.text.HAL_Delay)
    HAL_GPIO_Init                            0x080010f5   Thumb Code   402  stm32f4xx_hal_gpio.o(.text.HAL_GPIO_Init)
    HAL_GPIO_WritePin                        0x08001289   Thumb Code    10  stm32f4xx_hal_gpio.o(.text.HAL_GPIO_WritePin)
    HAL_GetTick                              0x08001295   Thumb Code    12  stm32f4xx_hal.o(.text.HAL_GetTick)
    HAL_IncTick                              0x080012a1   Thumb Code    26  stm32f4xx_hal.o(.text.HAL_IncTick)
    HAL_Init                                 0x080012bd   Thumb Code    54  stm32f4xx_hal.o(.text.HAL_Init)
    HAL_InitTick                             0x080012f5   Thumb Code    80  stm32f4xx_hal.o(.text.HAL_InitTick)
    HAL_MspInit                              0x08001345   Thumb Code    56  stm32f4xx_hal_msp.o(.text.HAL_MspInit)
    HAL_NVIC_EnableIRQ                       0x0800137d   Thumb Code    32  stm32f4xx_hal_cortex.o(.text.HAL_NVIC_EnableIRQ)
    HAL_NVIC_SetPriority                     0x0800139d   Thumb Code    86  stm32f4xx_hal_cortex.o(.text.HAL_NVIC_SetPriority)
    HAL_NVIC_SetPriorityGrouping             0x080013f5   Thumb Code    32  stm32f4xx_hal_cortex.o(.text.HAL_NVIC_SetPriorityGrouping)
    HAL_RCC_ClockConfig                      0x08001415   Thumb Code   344  stm32f4xx_hal_rcc.o(.text.HAL_RCC_ClockConfig)
    HAL_RCC_GetPCLK1Freq                     0x0800156d   Thumb Code    38  stm32f4xx_hal_rcc.o(.text.HAL_RCC_GetPCLK1Freq)
    HAL_RCC_GetPCLK2Freq                     0x08001595   Thumb Code    38  stm32f4xx_hal_rcc.o(.text.HAL_RCC_GetPCLK2Freq)
    HAL_RCC_GetSysClockFreq                  0x080015bd   Thumb Code   104  stm32f4xx_hal_rcc.o(.text.HAL_RCC_GetSysClockFreq)
    HAL_RCC_OscConfig                        0x08001625   Thumb Code   766  stm32f4xx_hal_rcc.o(.text.HAL_RCC_OscConfig)
    HAL_SYSTICK_Config                       0x08001925   Thumb Code    44  stm32f4xx_hal_cortex.o(.text.HAL_SYSTICK_Config)
    HAL_TIMEx_BreakCallback                  0x08001951   Thumb Code     2  stm32f4xx_hal_tim_ex.o(.text.HAL_TIMEx_BreakCallback)
    HAL_TIMEx_CommutCallback                 0x08001955   Thumb Code     2  stm32f4xx_hal_tim_ex.o(.text.HAL_TIMEx_CommutCallback)
    HAL_TIMEx_MasterConfigSynchronization    0x08001959   Thumb Code    68  stm32f4xx_hal_tim_ex.o(.text.HAL_TIMEx_MasterConfigSynchronization)
    HAL_TIM_Base_Init                        0x0800199d   Thumb Code    54  stm32f4xx_hal_tim.o(.text.HAL_TIM_Base_Init)
    HAL_TIM_Base_MspInit                     0x080019d5   Thumb Code    72  tim.o(.text.HAL_TIM_Base_MspInit)
    HAL_TIM_Base_Start_IT                    0x08001a1d   Thumb Code    32  stm32f4xx_hal_tim.o(.text.HAL_TIM_Base_Start_IT)
    HAL_TIM_ConfigClockSource                0x08001a3d   Thumb Code   408  stm32f4xx_hal_tim.o(.text.HAL_TIM_ConfigClockSource)
    HAL_TIM_IC_CaptureCallback               0x08001bd5   Thumb Code     2  stm32f4xx_hal_tim.o(.text.HAL_TIM_IC_CaptureCallback)
    HAL_TIM_IRQHandler                       0x08001bd9   Thumb Code   362  stm32f4xx_hal_tim.o(.text.HAL_TIM_IRQHandler)
    HAL_TIM_OC_DelayElapsedCallback          0x08001d45   Thumb Code     2  stm32f4xx_hal_tim.o(.text.HAL_TIM_OC_DelayElapsedCallback)
    HAL_TIM_PWM_PulseFinishedCallback        0x08001d49   Thumb Code     2  stm32f4xx_hal_tim.o(.text.HAL_TIM_PWM_PulseFinishedCallback)
    HAL_TIM_PeriodElapsedCallback            0x08001d4d   Thumb Code   590  main.o(.text.HAL_TIM_PeriodElapsedCallback)
    HAL_TIM_TriggerCallback                  0x08001f9d   Thumb Code     2  stm32f4xx_hal_tim.o(.text.HAL_TIM_TriggerCallback)
    HAL_UART_Init                            0x08001fa1   Thumb Code    94  stm32f4xx_hal_uart.o(.text.HAL_UART_Init)
    HAL_UART_MspInit                         0x08002001   Thumb Code   302  usart.o(.text.HAL_UART_MspInit)
    HAL_UART_Transmit                        0x08002131   Thumb Code   314  stm32f4xx_hal_uart.o(.text.HAL_UART_Transmit)
    HardFault_Handler                        0x0800226d   Thumb Code     2  stm32f4xx_it.o(.text.HardFault_Handler)
    MX_CAN1_Init                             0x08002271   Thumb Code    64  can.o(.text.MX_CAN1_Init)
    MX_CAN2_Init                             0x080022b1   Thumb Code    64  can.o(.text.MX_CAN2_Init)
    MX_GPIO_Init                             0x080022f1   Thumb Code   150  gpio.o(.text.MX_GPIO_Init)
    MX_TIM1_Init                             0x08002389   Thumb Code   138  tim.o(.text.MX_TIM1_Init)
    MX_USART1_UART_Init                      0x08002415   Thumb Code    74  usart.o(.text.MX_USART1_UART_Init)
    MemManage_Handler                        0x08002461   Thumb Code     2  stm32f4xx_it.o(.text.MemManage_Handler)
    NMI_Handler                              0x08002465   Thumb Code     2  stm32f4xx_it.o(.text.NMI_Handler)
    PID_calc                                 0x08002469   Thumb Code   328  pid.o(.text.PID_calc)
    PID_init                                 0x080025b5   Thumb Code    44  pid.o(.text.PID_init)
    PendSV_Handler                           0x080025e1   Thumb Code     2  stm32f4xx_it.o(.text.PendSV_Handler)
    SVC_Handler                              0x080025e5   Thumb Code     2  stm32f4xx_it.o(.text.SVC_Handler)
    SysTick_Handler                          0x080025e9   Thumb Code     4  stm32f4xx_it.o(.text.SysTick_Handler)
    SystemClock_Config                       0x080025ed   Thumb Code   180  main.o(.text.SystemClock_Config)
    SystemInit                               0x080026a1   Thumb Code    86  system_stm32f4xx.o(.text.SystemInit)
    TIM6_DAC_IRQHandler                      0x080026f9   Thumb Code    12  tim.o(.text.TIM6_DAC_IRQHandler)
    TIM_Base_SetConfig                       0x08002705   Thumb Code   292  stm32f4xx_hal_tim.o(.text.TIM_Base_SetConfig)
    USART1_IRQHandler                        0x08002a81   Thumb Code   208  main.o(.text.USART1_IRQHandler)
    USART6_IRQHandler                        0x08002b69   Thumb Code   196  usart.o(.text.USART6_IRQHandler)
    UsageFault_Handler                       0x08002c2d   Thumb Code     2  stm32f4xx_it.o(.text.UsageFault_Handler)
    _sys_exit                                0x08002c31   Thumb Code     2  usart.o(.text._sys_exit)
    btim_timx_int_init                       0x08002c35   Thumb Code    44  tim.o(.text.btim_timx_int_init)
    can_filter_init                          0x08002c61   Thumb Code    98  bsp_can.o(.text.can_filter_init)
    computeAttractiveForce                   0x08002cc9   Thumb Code   384  main.o(.text.computeAttractiveForce)
    computeRepulsiveForce                    0x08002e51   Thumb Code   552  main.o(.text.computeRepulsiveForce)
    fputc                                    0x08003091   Thumb Code    20  usart.o(.text.fputc)
    get_chassis_motor_measure_point          0x080030a5   Thumb Code    22  can_receive.o(.text.get_chassis_motor_measure_point)
    main                                     0x080030bd   Thumb Code   156  main.o(.text.main)
    __hardfp_sqrt                            0x0800315d   Thumb Code   122  sqrt.o(i.__hardfp_sqrt)
    __aeabi_d2f                              0x080031d9   Thumb Code     0  d2f.o(x$fpl$d2f)
    _d2f                                     0x080031d9   Thumb Code    98  d2f.o(x$fpl$d2f)
    __aeabi_dadd                             0x0800323d   Thumb Code     0  daddsub_clz.o(x$fpl$dadd)
    _dadd                                    0x0800323d   Thumb Code   332  daddsub_clz.o(x$fpl$dadd)
    __fpl_dcmp_Inf                           0x0800338d   Thumb Code    24  dcmpi.o(x$fpl$dcmpinf)
    __aeabi_ddiv                             0x080033a5   Thumb Code     0  ddiv.o(x$fpl$ddiv)
    _ddiv                                    0x080033a5   Thumb Code   556  ddiv.o(x$fpl$ddiv)
    __aeabi_cdcmpeq                          0x08003659   Thumb Code     0  deqf.o(x$fpl$deqf)
    _dcmpeq                                  0x08003659   Thumb Code   120  deqf.o(x$fpl$deqf)
    __aeabi_i2d                              0x080036d1   Thumb Code     0  dflt_clz.o(x$fpl$dflt)
    _dflt                                    0x080036d1   Thumb Code    46  dflt_clz.o(x$fpl$dflt)
    __aeabi_cdcmpge                          0x08003701   Thumb Code     0  dgeqf.o(x$fpl$dgeqf)
    _dcmpge                                  0x08003701   Thumb Code   120  dgeqf.o(x$fpl$dgeqf)
    __aeabi_cdcmple                          0x08003779   Thumb Code     0  dleqf.o(x$fpl$dleqf)
    _dcmple                                  0x08003779   Thumb Code   120  dleqf.o(x$fpl$dleqf)
    __fpl_dcmple_InfNaN                      0x080037db   Thumb Code     0  dleqf.o(x$fpl$dleqf)
    __aeabi_dmul                             0x080037f1   Thumb Code     0  dmul.o(x$fpl$dmul)
    _dmul                                    0x080037f1   Thumb Code   332  dmul.o(x$fpl$dmul)
    __fpl_dnaninf                            0x08003945   Thumb Code   156  dnaninf.o(x$fpl$dnaninf)
    __fpl_dretinf                            0x080039e1   Thumb Code    12  dretinf.o(x$fpl$dretinf)
    _dsqrt                                   0x080039ed   Thumb Code   404  dsqrt_umaal.o(x$fpl$dsqrt)
    __aeabi_dsub                             0x08003b85   Thumb Code     0  daddsub_clz.o(x$fpl$dsub)
    _dsub                                    0x08003b85   Thumb Code   472  daddsub_clz.o(x$fpl$dsub)
    __aeabi_f2d                              0x08003d61   Thumb Code     0  f2d.o(x$fpl$f2d)
    _f2d                                     0x08003d61   Thumb Code    86  f2d.o(x$fpl$f2d)
    __aeabi_dcmpeq                           0x08003db7   Thumb Code     0  dcmp.o(x$fpl$fcmp)
    _deq                                     0x08003db7   Thumb Code    14  dcmp.o(x$fpl$fcmp)
    _dneq                                    0x08003dc5   Thumb Code    14  dcmp.o(x$fpl$fcmp)
    __aeabi_dcmpgt                           0x08003dd3   Thumb Code     0  dcmp.o(x$fpl$fcmp)
    _dgr                                     0x08003dd3   Thumb Code    14  dcmp.o(x$fpl$fcmp)
    __aeabi_dcmpge                           0x08003de1   Thumb Code     0  dcmp.o(x$fpl$fcmp)
    _dgeq                                    0x08003de1   Thumb Code    14  dcmp.o(x$fpl$fcmp)
    __aeabi_dcmple                           0x08003def   Thumb Code     0  dcmp.o(x$fpl$fcmp)
    _dleq                                    0x08003def   Thumb Code    14  dcmp.o(x$fpl$fcmp)
    __aeabi_dcmplt                           0x08003dfd   Thumb Code     0  dcmp.o(x$fpl$fcmp)
    _dls                                     0x08003dfd   Thumb Code    14  dcmp.o(x$fpl$fcmp)
    __fpl_fnaninf                            0x08003e0b   Thumb Code   140  fnaninf.o(x$fpl$fnaninf)
    _fp_init                                 0x08003e97   Thumb Code    26  fpinit.o(x$fpl$fpinit)
    __fplib_config_fpu_vfp                   0x08003eaf   Thumb Code     0  fpinit.o(x$fpl$fpinit)
    __fplib_config_pureend_doubles           0x08003eaf   Thumb Code     0  fpinit.o(x$fpl$fpinit)
    __fpl_fretinf                            0x08003eb1   Thumb Code    10  fretinf.o(x$fpl$fretinf)
    __I$use$fp                               0x08003eba   Number         0  usenofp.o(x$fpl$usenofp)
    AHBPrescTable                            0x08003ec8   Data          16  system_stm32f4xx.o(.rodata.AHBPrescTable)
    APBPrescTable                            0x08003ed8   Data           8  system_stm32f4xx.o(.rodata.APBPrescTable)
    PID_motor1                               0x08003ee0   Data          12  main.o(.rodata.PID_motor1)
    PID_motor2                               0x08003eec   Data          12  main.o(.rodata.PID_motor2)
    Region$$Table$$Base                      0x08003f2c   Number         0  anon$$obj.o(Region$$Table)
    Region$$Table$$Limit                     0x08003f4c   Number         0  anon$$obj.o(Region$$Table)
    __ARM_use_no_argv                        0x20000000   Data           4  main.o(.ARM.use_no_argv)
    Boundary                                 0x20000008   Data          32  main.o(.data.Boundary)
    Encoder_steps                            0x20000028   Data           8  main.o(.data.Encoder_steps)
    Pos_data_len                             0x20000030   Data           2  main.o(.data.Pos_data_len)
    Reduction_gear                           0x20000038   Data           8  main.o(.data.Reduction_gear)
    SystemCoreClock                          0x20000040   Data           4  system_stm32f4xx.o(.data.SystemCoreClock)
    WheelCircum                              0x20000048   Data           8  main.o(.data.WheelCircum)
    gear_ratio                               0x20000050   Data          32  main.o(.data.gear_ratio)
    k_att                                    0x20000070   Data           8  main.o(.data.k_att)
    k_rep                                    0x20000078   Data           8  main.o(.data.k_rep)
    motor_mount_direction                    0x20000080   Data          16  main.o(.data.motor_mount_direction)
    uwTickFreq                               0x20000090   Data           1  stm32f4xx_hal.o(.data.uwTickFreq)
    uwTickPrio                               0x20000094   Data           4  stm32f4xx_hal.o(.data.uwTickPrio)
    __libspace_start                         0x20000098   Data          96  libspace.o(.bss)
    ABSpos                                   0x200000f8   Data          16  main.o(.bss.ABSpos)
    __temporary_stack_top$libspace           0x200000f8   Data           0  libspace.o(.bss)
    AttractiveForce                          0x20000108   Data          16  main.o(.bss.AttractiveForce)
    PID1                                     0x20000218   Data          72  main.o(.bss.PID1)
    PID2                                     0x20000260   Data          72  main.o(.bss.PID2)
    Pos_data                                 0x200002a8   Data           8  main.o(.bss.Pos_data)
    RepulsiveForce                           0x200002b0   Data          16  main.o(.bss.RepulsiveForce)
    U_toatl                                  0x200002d8   Data          16  main.o(.bss.U_toatl)
    __stdout                                 0x200002e8   Data          84  usart.o(.bss.__stdout)
    box                                      0x2000033c   Data          16  main.o(.bss.box)
    error                                    0x20000370   Data           4  main.o(.bss.error)
    g_timx_handler                           0x20000374   Data          64  tim.o(.bss.g_timx_handler)
    goal                                     0x200003b8   Data          16  main.o(.bss.goal)
    hcan1                                    0x200003c8   Data          40  can.o(.bss.hcan1)
    hcan2                                    0x200003f0   Data          40  can.o(.bss.hcan2)
    htim1                                    0x20000418   Data          64  tim.o(.bss.htim1)
    huart1                                   0x20000458   Data          64  usart.o(.bss.huart1)
    huart6                                   0x20000498   Data          64  usart.o(.bss.huart6)
    mtr_Rpos                                 0x2000051e   Data           8  main.o(.bss.mtr_Rpos)
    mtr_Rpos_last                            0x20000526   Data           8  main.o(.bss.mtr_Rpos_last)
    mtr_rpm                                  0x2000052e   Data           8  main.o(.bss.mtr_rpm)
    mtr_torque                               0x20000536   Data           8  main.o(.bss.mtr_torque)
    stcAcc                                   0x20000540   Data           4  usart.o(.bss.stcAcc)
    stcAngle                                 0x20000548   Data           4  usart.o(.bss.stcAngle)
    stcGyro                                  0x20000550   Data           4  usart.o(.bss.stcGyro)
    strR                                     0x20000554   Data          20  usart.o(.bss.strR)
    tmp                                      0x20000568   Data          32  main.o(.bss.tmp)
    uwTick                                   0x20000588   Data           4  stm32f4xx_hal.o(.bss.uwTick)



==============================================================================

Memory Map of the image

  Image Entry point : 0x08000189

  Load Region LR_IROM1 (Base: 0x08000000, Size: 0x00003fe8, Max: 0x00100000, ABSOLUTE)

    Execution Region ER_IROM1 (Exec base: 0x08000000, Load base: 0x08000000, Size: 0x00003f4c, Max: 0x00100000, ABSOLUTE)

    Exec Addr    Load Addr    Size         Type   Attr      Idx    E Section Name        Object

    0x08000000   0x08000000   0x00000188   Data   RO            3    RESET               startup_stm32f407xx.o
    0x08000188   0x08000188   0x00000008   Code   RO         1411  * !!!main             c_w.l(__main.o)
    0x08000190   0x08000190   0x0000005c   Code   RO         1644    !!!scatter          c_w.l(__scatter.o)
    0x080001ec   0x080001ec   0x0000001a   Code   RO         1648    !!handler_copy      c_w.l(__scatter_copy.o)
    0x08000206   0x08000206   0x00000002   PAD
    0x08000208   0x08000208   0x00000002   Code   RO         1645    !!handler_null      c_w.l(__scatter.o)
    0x0800020a   0x0800020a   0x00000002   PAD
    0x0800020c   0x0800020c   0x0000001c   Code   RO         1650    !!handler_zi        c_w.l(__scatter_zi.o)
    0x08000228   0x08000228   0x00000000   Code   RO         1406    .ARM.Collect$$_printf_percent$$00000000  c_w.l(_printf_percent.o)
    0x08000228   0x08000228   0x00000006   Code   RO         1405    .ARM.Collect$$_printf_percent$$00000009  c_w.l(_printf_d.o)
    0x0800022e   0x0800022e   0x00000006   Code   RO         1404    .ARM.Collect$$_printf_percent$$00000013  c_w.l(_printf_c.o)
    0x08000234   0x08000234   0x00000004   Code   RO         1458    .ARM.Collect$$_printf_percent$$00000017  c_w.l(_printf_percent_end.o)
    0x08000238   0x08000238   0x00000002   Code   RO         1524    .ARM.Collect$$libinit$$00000000  c_w.l(libinit.o)
    0x0800023a   0x0800023a   0x00000004   Code   RO         1533    .ARM.Collect$$libinit$$00000001  c_w.l(libinit2.o)
    0x0800023e   0x0800023e   0x00000000   Code   RO         1536    .ARM.Collect$$libinit$$00000004  c_w.l(libinit2.o)
    0x0800023e   0x0800023e   0x00000000   Code   RO         1538    .ARM.Collect$$libinit$$00000006  c_w.l(libinit2.o)
    0x0800023e   0x0800023e   0x00000000   Code   RO         1541    .ARM.Collect$$libinit$$0000000C  c_w.l(libinit2.o)
    0x0800023e   0x0800023e   0x00000000   Code   RO         1543    .ARM.Collect$$libinit$$0000000E  c_w.l(libinit2.o)
    0x0800023e   0x0800023e   0x00000000   Code   RO         1545    .ARM.Collect$$libinit$$00000010  c_w.l(libinit2.o)
    0x0800023e   0x0800023e   0x00000000   Code   RO         1548    .ARM.Collect$$libinit$$00000013  c_w.l(libinit2.o)
    0x0800023e   0x0800023e   0x00000000   Code   RO         1550    .ARM.Collect$$libinit$$00000015  c_w.l(libinit2.o)
    0x0800023e   0x0800023e   0x00000000   Code   RO         1552    .ARM.Collect$$libinit$$00000017  c_w.l(libinit2.o)
    0x0800023e   0x0800023e   0x00000000   Code   RO         1554    .ARM.Collect$$libinit$$00000019  c_w.l(libinit2.o)
    0x0800023e   0x0800023e   0x00000000   Code   RO         1556    .ARM.Collect$$libinit$$0000001B  c_w.l(libinit2.o)
    0x0800023e   0x0800023e   0x00000000   Code   RO         1558    .ARM.Collect$$libinit$$0000001D  c_w.l(libinit2.o)
    0x0800023e   0x0800023e   0x00000000   Code   RO         1560    .ARM.Collect$$libinit$$0000001F  c_w.l(libinit2.o)
    0x0800023e   0x0800023e   0x00000000   Code   RO         1562    .ARM.Collect$$libinit$$00000021  c_w.l(libinit2.o)
    0x0800023e   0x0800023e   0x00000000   Code   RO         1564    .ARM.Collect$$libinit$$00000023  c_w.l(libinit2.o)
    0x0800023e   0x0800023e   0x00000000   Code   RO         1566    .ARM.Collect$$libinit$$00000025  c_w.l(libinit2.o)
    0x0800023e   0x0800023e   0x00000000   Code   RO         1568    .ARM.Collect$$libinit$$00000027  c_w.l(libinit2.o)
    0x0800023e   0x0800023e   0x00000000   Code   RO         1572    .ARM.Collect$$libinit$$0000002E  c_w.l(libinit2.o)
    0x0800023e   0x0800023e   0x00000000   Code   RO         1574    .ARM.Collect$$libinit$$00000030  c_w.l(libinit2.o)
    0x0800023e   0x0800023e   0x00000000   Code   RO         1576    .ARM.Collect$$libinit$$00000032  c_w.l(libinit2.o)
    0x0800023e   0x0800023e   0x00000000   Code   RO         1578    .ARM.Collect$$libinit$$00000034  c_w.l(libinit2.o)
    0x0800023e   0x0800023e   0x00000002   Code   RO         1579    .ARM.Collect$$libinit$$00000035  c_w.l(libinit2.o)
    0x08000240   0x08000240   0x00000002   Code   RO         1603    .ARM.Collect$$libshutdown$$00000000  c_w.l(libshutdown.o)
    0x08000242   0x08000242   0x00000000   Code   RO         1627    .ARM.Collect$$libshutdown$$00000002  c_w.l(libshutdown2.o)
    0x08000242   0x08000242   0x00000000   Code   RO         1629    .ARM.Collect$$libshutdown$$00000004  c_w.l(libshutdown2.o)
    0x08000242   0x08000242   0x00000000   Code   RO         1632    .ARM.Collect$$libshutdown$$00000007  c_w.l(libshutdown2.o)
    0x08000242   0x08000242   0x00000000   Code   RO         1635    .ARM.Collect$$libshutdown$$0000000A  c_w.l(libshutdown2.o)
    0x08000242   0x08000242   0x00000000   Code   RO         1637    .ARM.Collect$$libshutdown$$0000000C  c_w.l(libshutdown2.o)
    0x08000242   0x08000242   0x00000000   Code   RO         1640    .ARM.Collect$$libshutdown$$0000000F  c_w.l(libshutdown2.o)
    0x08000242   0x08000242   0x00000002   Code   RO         1641    .ARM.Collect$$libshutdown$$00000010  c_w.l(libshutdown2.o)
    0x08000244   0x08000244   0x00000000   Code   RO         1445    .ARM.Collect$$rtentry$$00000000  c_w.l(__rtentry.o)
    0x08000244   0x08000244   0x00000000   Code   RO         1477    .ARM.Collect$$rtentry$$00000002  c_w.l(__rtentry2.o)
    0x08000244   0x08000244   0x00000006   Code   RO         1489    .ARM.Collect$$rtentry$$00000004  c_w.l(__rtentry4.o)
    0x0800024a   0x0800024a   0x00000000   Code   RO         1479    .ARM.Collect$$rtentry$$00000009  c_w.l(__rtentry2.o)
    0x0800024a   0x0800024a   0x00000004   Code   RO         1480    .ARM.Collect$$rtentry$$0000000A  c_w.l(__rtentry2.o)
    0x0800024e   0x0800024e   0x00000000   Code   RO         1482    .ARM.Collect$$rtentry$$0000000C  c_w.l(__rtentry2.o)
    0x0800024e   0x0800024e   0x00000008   Code   RO         1483    .ARM.Collect$$rtentry$$0000000D  c_w.l(__rtentry2.o)
    0x08000256   0x08000256   0x00000002   Code   RO         1525    .ARM.Collect$$rtexit$$00000000  c_w.l(rtexit.o)
    0x08000258   0x08000258   0x00000000   Code   RO         1581    .ARM.Collect$$rtexit$$00000002  c_w.l(rtexit2.o)
    0x08000258   0x08000258   0x00000004   Code   RO         1582    .ARM.Collect$$rtexit$$00000003  c_w.l(rtexit2.o)
    0x0800025c   0x0800025c   0x00000006   Code   RO         1583    .ARM.Collect$$rtexit$$00000004  c_w.l(rtexit2.o)
    0x08000262   0x08000262   0x00000002   PAD
    0x08000264   0x08000264   0x00000040   Code   RO            4    .text               startup_stm32f407xx.o
    0x080002a4   0x080002a4   0x00000002   Code   RO         1370    .text               c_w.l(use_no_semi_2.o)
    0x080002a6   0x080002a6   0x000000f0   Code   RO         1372    .text               c_w.l(lludivv7m.o)
    0x08000396   0x08000396   0x00000002   PAD
    0x08000398   0x08000398   0x00000018   Code   RO         1376    .text               c_w.l(noretval__2printf.o)
    0x080003b0   0x080003b0   0x00000068   Code   RO         1378    .text               c_w.l(__printf.o)
    0x08000418   0x08000418   0x00000052   Code   RO         1380    .text               c_w.l(_printf_str.o)
    0x0800046a   0x0800046a   0x00000002   PAD
    0x0800046c   0x0800046c   0x00000078   Code   RO         1382    .text               c_w.l(_printf_dec.o)
    0x080004e4   0x080004e4   0x0000004e   Code   RO         1407    .text               c_w.l(rt_memclr_w.o)
    0x08000532   0x08000532   0x00000006   Code   RO         1409    .text               c_w.l(heapauxi.o)
    0x08000538   0x08000538   0x00000002   Code   RO         1443    .text               c_w.l(use_no_semi.o)
    0x0800053a   0x0800053a   0x00000016   Code   RO         1450    .text               c_w.l(_rserrno.o)
    0x08000550   0x08000550   0x000000b2   Code   RO         1452    .text               c_w.l(_printf_intcommon.o)
    0x08000602   0x08000602   0x0000002c   Code   RO         1454    .text               c_w.l(_printf_char.o)
    0x0800062e   0x0800062e   0x00000002   PAD
    0x08000630   0x08000630   0x00000024   Code   RO         1456    .text               c_w.l(_printf_char_file.o)
    0x08000654   0x08000654   0x00000008   Code   RO         1496    .text               c_w.l(rt_errno_addr_intlibspace.o)
    0x0800065c   0x0800065c   0x00000030   Code   RO         1498    .text               c_w.l(_printf_char_common.o)
    0x0800068c   0x0800068c   0x00000008   Code   RO         1500    .text               c_w.l(ferror.o)
    0x08000694   0x08000694   0x00000008   Code   RO         1506    .text               c_w.l(libspace.o)
    0x0800069c   0x0800069c   0x0000004a   Code   RO         1509    .text               c_w.l(sys_stackheap_outer.o)
    0x080006e6   0x080006e6   0x00000012   Code   RO         1513    .text               c_w.l(exit.o)
    0x080006f8   0x080006f8   0x0000013a   Code   RO           27    .text.APF_mode      main.o
    0x08000832   0x08000832   0x00000002   PAD
    0x08000834   0x08000834   0x00000002   Code   RO          148    .text.BusFault_Handler  stm32f4xx_it.o
    0x08000836   0x08000836   0x00000002   PAD
    0x08000838   0x08000838   0x0000000c   Code   RO          160    .text.CAN1_RX0_IRQHandler  stm32f4xx_it.o
    0x08000844   0x08000844   0x0000000c   Code   RO          162    .text.CAN2_RX0_IRQHandler  stm32f4xx_it.o
    0x08000850   0x08000850   0x00000068   Code   RO         1346    .text.CAN_cmd_chassis  can_receive.o
    0x080008b8   0x080008b8   0x00000002   Code   RO          154    .text.DebugMon_Handler  stm32f4xx_it.o
    0x080008ba   0x080008ba   0x00000002   PAD
    0x080008bc   0x080008bc   0x0000000e   Code   RO           33    .text.Error_Handler  main.o
    0x080008ca   0x080008ca   0x00000002   PAD
    0x080008cc   0x080008cc   0x00000026   Code   RO          346    .text.HAL_CAN_ActivateNotification  stm32f4xx_hal_can.o
    0x080008f2   0x080008f2   0x00000002   PAD
    0x080008f4   0x080008f4   0x000000a8   Code   RO          332    .text.HAL_CAN_AddTxMessage  stm32f4xx_hal_can.o
    0x0800099c   0x0800099c   0x000000de   Code   RO          322    .text.HAL_CAN_ConfigFilter  stm32f4xx_hal_can.o
    0x08000a7a   0x08000a7a   0x00000002   PAD
    0x08000a7c   0x08000a7c   0x00000002   Code   RO          376    .text.HAL_CAN_ErrorCallback  stm32f4xx_hal_can.o
    0x08000a7e   0x08000a7e   0x00000002   PAD
    0x08000a80   0x08000a80   0x0000010e   Code   RO          342    .text.HAL_CAN_GetRxMessage  stm32f4xx_hal_can.o
    0x08000b8e   0x08000b8e   0x00000002   PAD
    0x08000b90   0x08000b90   0x00000242   Code   RO          350    .text.HAL_CAN_IRQHandler  stm32f4xx_hal_can.o
    0x08000dd2   0x08000dd2   0x00000002   PAD
    0x08000dd4   0x08000dd4   0x000000f4   Code   RO          312    .text.HAL_CAN_Init  stm32f4xx_hal_can.o
    0x08000ec8   0x08000ec8   0x0000011c   Code   RO          127    .text.HAL_CAN_MspInit  can.o
    0x08000fe4   0x08000fe4   0x00000002   Code   RO          364    .text.HAL_CAN_RxFifo0FullCallback  stm32f4xx_hal_can.o
    0x08000fe6   0x08000fe6   0x00000002   PAD
    0x08000fe8   0x08000fe8   0x0000005e   Code   RO         1340    .text.HAL_CAN_RxFifo0MsgPendingCallback  can_receive.o
    0x08001046   0x08001046   0x00000002   PAD
    0x08001048   0x08001048   0x00000002   Code   RO          368    .text.HAL_CAN_RxFifo1FullCallback  stm32f4xx_hal_can.o
    0x0800104a   0x0800104a   0x00000002   PAD
    0x0800104c   0x0800104c   0x00000002   Code   RO          370    .text.HAL_CAN_RxFifo1MsgPendingCallback  stm32f4xx_hal_can.o
    0x0800104e   0x0800104e   0x00000002   PAD
    0x08001050   0x08001050   0x00000002   Code   RO          372    .text.HAL_CAN_SleepCallback  stm32f4xx_hal_can.o
    0x08001052   0x08001052   0x00000002   PAD
    0x08001054   0x08001054   0x0000005a   Code   RO          324    .text.HAL_CAN_Start  stm32f4xx_hal_can.o
    0x080010ae   0x080010ae   0x00000002   PAD
    0x080010b0   0x080010b0   0x00000002   Code   RO          354    .text.HAL_CAN_TxMailbox0AbortCallback  stm32f4xx_hal_can.o
    0x080010b2   0x080010b2   0x00000002   PAD
    0x080010b4   0x080010b4   0x00000002   Code   RO          352    .text.HAL_CAN_TxMailbox0CompleteCallback  stm32f4xx_hal_can.o
    0x080010b6   0x080010b6   0x00000002   PAD
    0x080010b8   0x080010b8   0x00000002   Code   RO          358    .text.HAL_CAN_TxMailbox1AbortCallback  stm32f4xx_hal_can.o
    0x080010ba   0x080010ba   0x00000002   PAD
    0x080010bc   0x080010bc   0x00000002   Code   RO          356    .text.HAL_CAN_TxMailbox1CompleteCallback  stm32f4xx_hal_can.o
    0x080010be   0x080010be   0x00000002   PAD
    0x080010c0   0x080010c0   0x00000002   Code   RO          362    .text.HAL_CAN_TxMailbox2AbortCallback  stm32f4xx_hal_can.o
    0x080010c2   0x080010c2   0x00000002   PAD
    0x080010c4   0x080010c4   0x00000002   Code   RO          360    .text.HAL_CAN_TxMailbox2CompleteCallback  stm32f4xx_hal_can.o
    0x080010c6   0x080010c6   0x00000002   PAD
    0x080010c8   0x080010c8   0x00000002   Code   RO          374    .text.HAL_CAN_WakeUpFromRxMsgCallback  stm32f4xx_hal_can.o
    0x080010ca   0x080010ca   0x00000002   PAD
    0x080010cc   0x080010cc   0x00000028   Code   RO         1004    .text.HAL_Delay     stm32f4xx_hal.o
    0x080010f4   0x080010f4   0x00000192   Code   RO          805    .text.HAL_GPIO_Init  stm32f4xx_hal_gpio.o
    0x08001286   0x08001286   0x00000002   PAD
    0x08001288   0x08001288   0x0000000a   Code   RO          811    .text.HAL_GPIO_WritePin  stm32f4xx_hal_gpio.o
    0x08001292   0x08001292   0x00000002   PAD
    0x08001294   0x08001294   0x0000000c   Code   RO          996    .text.HAL_GetTick   stm32f4xx_hal.o
    0x080012a0   0x080012a0   0x0000001a   Code   RO          994    .text.HAL_IncTick   stm32f4xx_hal.o
    0x080012ba   0x080012ba   0x00000002   PAD
    0x080012bc   0x080012bc   0x00000036   Code   RO          984    .text.HAL_Init      stm32f4xx_hal.o
    0x080012f2   0x080012f2   0x00000002   PAD
    0x080012f4   0x080012f4   0x00000050   Code   RO          986    .text.HAL_InitTick  stm32f4xx_hal.o
    0x08001344   0x08001344   0x00000038   Code   RO          171    .text.HAL_MspInit   stm32f4xx_hal_msp.o
    0x0800137c   0x0800137c   0x00000020   Code   RO          942    .text.HAL_NVIC_EnableIRQ  stm32f4xx_hal_cortex.o
    0x0800139c   0x0800139c   0x00000056   Code   RO          940    .text.HAL_NVIC_SetPriority  stm32f4xx_hal_cortex.o
    0x080013f2   0x080013f2   0x00000002   PAD
    0x080013f4   0x080013f4   0x00000020   Code   RO          938    .text.HAL_NVIC_SetPriorityGrouping  stm32f4xx_hal_cortex.o
    0x08001414   0x08001414   0x00000158   Code   RO          699    .text.HAL_RCC_ClockConfig  stm32f4xx_hal_rcc.o
    0x0800156c   0x0800156c   0x00000026   Code   RO          711    .text.HAL_RCC_GetPCLK1Freq  stm32f4xx_hal_rcc.o
    0x08001592   0x08001592   0x00000002   PAD
    0x08001594   0x08001594   0x00000026   Code   RO          713    .text.HAL_RCC_GetPCLK2Freq  stm32f4xx_hal_rcc.o
    0x080015ba   0x080015ba   0x00000002   PAD
    0x080015bc   0x080015bc   0x00000068   Code   RO          701    .text.HAL_RCC_GetSysClockFreq  stm32f4xx_hal_rcc.o
    0x08001624   0x08001624   0x000002fe   Code   RO          697    .text.HAL_RCC_OscConfig  stm32f4xx_hal_rcc.o
    0x08001922   0x08001922   0x00000002   PAD
    0x08001924   0x08001924   0x0000002c   Code   RO          950    .text.HAL_SYSTICK_Config  stm32f4xx_hal_cortex.o
    0x08001950   0x08001950   0x00000002   Code   RO          683    .text.HAL_TIMEx_BreakCallback  stm32f4xx_hal_tim_ex.o
    0x08001952   0x08001952   0x00000002   PAD
    0x08001954   0x08001954   0x00000002   Code   RO          679    .text.HAL_TIMEx_CommutCallback  stm32f4xx_hal_tim_ex.o
    0x08001956   0x08001956   0x00000002   PAD
    0x08001958   0x08001958   0x00000044   Code   RO          673    .text.HAL_TIMEx_MasterConfigSynchronization  stm32f4xx_hal_tim_ex.o
    0x0800199c   0x0800199c   0x00000036   Code   RO          392    .text.HAL_TIM_Base_Init  stm32f4xx_hal_tim.o
    0x080019d2   0x080019d2   0x00000002   PAD
    0x080019d4   0x080019d4   0x00000048   Code   RO          273    .text.HAL_TIM_Base_MspInit  tim.o
    0x08001a1c   0x08001a1c   0x00000020   Code   RO          406    .text.HAL_TIM_Base_Start_IT  stm32f4xx_hal_tim.o
    0x08001a3c   0x08001a3c   0x00000198   Code   RO          568    .text.HAL_TIM_ConfigClockSource  stm32f4xx_hal_tim.o
    0x08001bd4   0x08001bd4   0x00000002   Code   RO          528    .text.HAL_TIM_IC_CaptureCallback  stm32f4xx_hal_tim.o
    0x08001bd6   0x08001bd6   0x00000002   PAD
    0x08001bd8   0x08001bd8   0x0000016a   Code   RO          526    .text.HAL_TIM_IRQHandler  stm32f4xx_hal_tim.o
    0x08001d42   0x08001d42   0x00000002   PAD
    0x08001d44   0x08001d44   0x00000002   Code   RO          530    .text.HAL_TIM_OC_DelayElapsedCallback  stm32f4xx_hal_tim.o
    0x08001d46   0x08001d46   0x00000002   PAD
    0x08001d48   0x08001d48   0x00000002   Code   RO          532    .text.HAL_TIM_PWM_PulseFinishedCallback  stm32f4xx_hal_tim.o
    0x08001d4a   0x08001d4a   0x00000002   PAD
    0x08001d4c   0x08001d4c   0x0000024e   Code   RO           35    .text.HAL_TIM_PeriodElapsedCallback  main.o
    0x08001f9a   0x08001f9a   0x00000002   PAD
    0x08001f9c   0x08001f9c   0x00000002   Code   RO          536    .text.HAL_TIM_TriggerCallback  stm32f4xx_hal_tim.o
    0x08001f9e   0x08001f9e   0x00000002   PAD
    0x08001fa0   0x08001fa0   0x0000005e   Code   RO         1075    .text.HAL_UART_Init  stm32f4xx_hal_uart.o
    0x08001ffe   0x08001ffe   0x00000002   PAD
    0x08002000   0x08002000   0x0000012e   Code   RO          191    .text.HAL_UART_MspInit  usart.o
    0x0800212e   0x0800212e   0x00000002   PAD
    0x08002130   0x08002130   0x0000013a   Code   RO         1091    .text.HAL_UART_Transmit  stm32f4xx_hal_uart.o
    0x0800226a   0x0800226a   0x00000002   PAD
    0x0800226c   0x0800226c   0x00000002   Code   RO          144    .text.HardFault_Handler  stm32f4xx_it.o
    0x0800226e   0x0800226e   0x00000002   PAD
    0x08002270   0x08002270   0x00000040   Code   RO          123    .text.MX_CAN1_Init  can.o
    0x080022b0   0x080022b0   0x00000040   Code   RO          125    .text.MX_CAN2_Init  can.o
    0x080022f0   0x080022f0   0x00000096   Code   RO          106    .text.MX_GPIO_Init  gpio.o
    0x08002386   0x08002386   0x00000002   PAD
    0x08002388   0x08002388   0x0000008a   Code   RO          265    .text.MX_TIM1_Init  tim.o
    0x08002412   0x08002412   0x00000002   PAD
    0x08002414   0x08002414   0x0000004a   Code   RO          187    .text.MX_USART1_UART_Init  usart.o
    0x0800245e   0x0800245e   0x00000002   PAD
    0x08002460   0x08002460   0x00000002   Code   RO          146    .text.MemManage_Handler  stm32f4xx_it.o
    0x08002462   0x08002462   0x00000002   PAD
    0x08002464   0x08002464   0x00000002   Code   RO          142    .text.NMI_Handler   stm32f4xx_it.o
    0x08002466   0x08002466   0x00000002   PAD
    0x08002468   0x08002468   0x0000014c   Code   RO          300    .text.PID_calc      pid.o
    0x080025b4   0x080025b4   0x0000002c   Code   RO          298    .text.PID_init      pid.o
    0x080025e0   0x080025e0   0x00000002   Code   RO          156    .text.PendSV_Handler  stm32f4xx_it.o
    0x080025e2   0x080025e2   0x00000002   PAD
    0x080025e4   0x080025e4   0x00000002   Code   RO          152    .text.SVC_Handler   stm32f4xx_it.o
    0x080025e6   0x080025e6   0x00000002   PAD
    0x080025e8   0x080025e8   0x00000004   Code   RO          158    .text.SysTick_Handler  stm32f4xx_it.o
    0x080025ec   0x080025ec   0x000000b4   Code   RO           31    .text.SystemClock_Config  main.o
    0x080026a0   0x080026a0   0x00000056   Code   RO         1316    .text.SystemInit    system_stm32f4xx.o
    0x080026f6   0x080026f6   0x00000002   PAD
    0x080026f8   0x080026f8   0x0000000c   Code   RO          275    .text.TIM6_DAC_IRQHandler  tim.o
    0x08002704   0x08002704   0x00000124   Code   RO          396    .text.TIM_Base_SetConfig  stm32f4xx_hal_tim.o
    0x08002828   0x08002828   0x00000256   Code   RO         1079    .text.UART_SetConfig  stm32f4xx_hal_uart.o
    0x08002a7e   0x08002a7e   0x00000002   PAD
    0x08002a80   0x08002a80   0x000000e8   Code   RO           37    .text.USART1_IRQHandler  main.o
    0x08002b68   0x08002b68   0x000000c4   Code   RO          199    .text.USART6_IRQHandler  usart.o
    0x08002c2c   0x08002c2c   0x00000002   Code   RO          150    .text.UsageFault_Handler  stm32f4xx_it.o
    0x08002c2e   0x08002c2e   0x00000002   PAD
    0x08002c30   0x08002c30   0x00000002   Code   RO          181    .text._sys_exit     usart.o
    0x08002c32   0x08002c32   0x00000002   PAD
    0x08002c34   0x08002c34   0x0000002c   Code   RO          271    .text.btim_timx_int_init  tim.o
    0x08002c60   0x08002c60   0x00000062   Code   RO         1331    .text.can_filter_init  bsp_can.o
    0x08002cc2   0x08002cc2   0x00000006   PAD
    0x08002cc8   0x08002cc8   0x00000188   Code   RO           23    .text.computeAttractiveForce  main.o
    0x08002e50   0x08002e50   0x00000240   Code   RO           17    .text.computeRepulsiveForce  main.o
    0x08003090   0x08003090   0x00000014   Code   RO          185    .text.fputc         usart.o
    0x080030a4   0x080030a4   0x00000016   Code   RO         1354    .text.get_chassis_motor_measure_point  can_receive.o
    0x080030ba   0x080030ba   0x00000002   PAD
    0x080030bc   0x080030bc   0x000000a0   Code   RO           29    .text.main          main.o
    0x0800315c   0x0800315c   0x0000007a   Code   RO         1437    i.__hardfp_sqrt     m_wm.l(sqrt.o)
    0x080031d6   0x080031d6   0x00000002   PAD
    0x080031d8   0x080031d8   0x00000062   Code   RO         1413    x$fpl$d2f           fz_wm.l(d2f.o)
    0x0800323a   0x0800323a   0x00000002   PAD
    0x0800323c   0x0800323c   0x00000150   Code   RO         1415    x$fpl$dadd          fz_wm.l(daddsub_clz.o)
    0x0800338c   0x0800338c   0x00000018   Code   RO         1504    x$fpl$dcmpinf       fz_wm.l(dcmpi.o)
    0x080033a4   0x080033a4   0x000002b4   Code   RO         1424    x$fpl$ddiv          fz_wm.l(ddiv.o)
    0x08003658   0x08003658   0x00000078   Code   RO         1459    x$fpl$deqf          fz_wm.l(deqf.o)
    0x080036d0   0x080036d0   0x0000002e   Code   RO         1428    x$fpl$dflt          fz_wm.l(dflt_clz.o)
    0x080036fe   0x080036fe   0x00000002   PAD
    0x08003700   0x08003700   0x00000078   Code   RO         1461    x$fpl$dgeqf         fz_wm.l(dgeqf.o)
    0x08003778   0x08003778   0x00000078   Code   RO         1463    x$fpl$dleqf         fz_wm.l(dleqf.o)
    0x080037f0   0x080037f0   0x00000154   Code   RO         1433    x$fpl$dmul          fz_wm.l(dmul.o)
    0x08003944   0x08003944   0x0000009c   Code   RO         1465    x$fpl$dnaninf       fz_wm.l(dnaninf.o)
    0x080039e0   0x080039e0   0x0000000c   Code   RO         1467    x$fpl$dretinf       fz_wm.l(dretinf.o)
    0x080039ec   0x080039ec   0x00000198   Code   RO         1469    x$fpl$dsqrt         fz_wm.l(dsqrt_umaal.o)
    0x08003b84   0x08003b84   0x000001dc   Code   RO         1417    x$fpl$dsub          fz_wm.l(daddsub_clz.o)
    0x08003d60   0x08003d60   0x00000056   Code   RO         1435    x$fpl$f2d           fz_wm.l(f2d.o)
    0x08003db6   0x08003db6   0x00000054   Code   RO         1421    x$fpl$fcmp          fz_wm.l(dcmp.o)
    0x08003e0a   0x08003e0a   0x0000008c   Code   RO         1471    x$fpl$fnaninf       fz_wm.l(fnaninf.o)
    0x08003e96   0x08003e96   0x0000001a   Code   RO         1593    x$fpl$fpinit        fz_wm.l(fpinit.o)
    0x08003eb0   0x08003eb0   0x0000000a   Code   RO         1473    x$fpl$fretinf       fz_wm.l(fretinf.o)
    0x08003eba   0x08003eba   0x00000000   Code   RO         1475    x$fpl$usenofp       fz_wm.l(usenofp.o)
    0x08003eba   0x08003eba   0x00000002   PAD
    0x08003ebc   0x08003ebc   0x0000000c   Data   RO          212    .rodata..Lswitch.table.USART6_IRQHandler  usart.o
    0x08003ec8   0x08003ec8   0x00000010   Data   RO         1321    .rodata.AHBPrescTable  system_stm32f4xx.o
    0x08003ed8   0x08003ed8   0x00000008   Data   RO         1322    .rodata.APBPrescTable  system_stm32f4xx.o
    0x08003ee0   0x08003ee0   0x0000000c   Data   RO           65    .rodata.PID_motor1  main.o
    0x08003eec   0x08003eec   0x0000000c   Data   RO           66    .rodata.PID_motor2  main.o
    0x08003ef8   0x08003ef8   0x00000034   Data   RO          205    .rodata.str1.1      usart.o
    0x08003f2c   0x08003f2c   0x00000020   Data   RO         1643    Region$$Table       anon$$obj.o


    Execution Region RW_IRAM1 (Exec base: 0x20000000, Load base: 0x08003f50, Size: 0x00000b90, Max: 0x00020000, ABSOLUTE)

    Exec Addr    Load Addr    Size         Type   Attr      Idx    E Section Name        Object

    0x20000000   0x08003f50   0x00000004   Data   RW           97    .ARM.use_no_argv    main.o
    0x20000004   0x08003f54   0x00000004   PAD
    0x20000008   0x08003f58   0x00000020   Data   RW           67    .data.Boundary      main.o
    0x20000028   0x08003f78   0x00000008   Data   RW           62    .data.Encoder_steps  main.o
    0x20000030   0x08003f80   0x00000002   Data   RW           73    .data.Pos_data_len  main.o
    0x20000032   0x08003f82   0x00000006   PAD
    0x20000038   0x08003f88   0x00000008   Data   RW           61    .data.Reduction_gear  main.o
    0x20000040   0x08003f90   0x00000004   Data   RW         1320    .data.SystemCoreClock  system_stm32f4xx.o
    0x20000044   0x08003f94   0x00000004   PAD
    0x20000048   0x08003f98   0x00000008   Data   RW           60    .data.WheelCircum   main.o
    0x20000050   0x08003fa0   0x00000020   Data   RW           64    .data.gear_ratio    main.o
    0x20000070   0x08003fc0   0x00000008   Data   RW           52    .data.k_att         main.o
    0x20000078   0x08003fc8   0x00000008   Data   RW           53    .data.k_rep         main.o
    0x20000080   0x08003fd0   0x00000010   Data   RW           63    .data.motor_mount_direction  main.o
    0x20000090   0x08003fe0   0x00000001   Data   RW         1039    .data.uwTickFreq    stm32f4xx_hal.o
    0x20000091   0x08003fe1   0x00000003   PAD
    0x20000094   0x08003fe4   0x00000004   Data   RW         1038    .data.uwTickPrio    stm32f4xx_hal.o
    0x20000098        -       0x00000060   Zero   RW         1507    .bss                c_w.l(libspace.o)
    0x200000f8        -       0x00000010   Zero   RW           45    .bss.ABSpos         main.o
    0x20000108        -       0x00000010   Zero   RW           54    .bss.AttractiveForce  main.o
    0x20000118        -       0x00000004   Zero   RW          133    .bss.HAL_RCC_CAN1_CLK_ENABLED  can.o
    0x2000011c        -       0x000000fa   Zero   RW          203    .bss.IMU_DataRev.ucRxBuffer  usart.o
    0x20000216        -       0x00000001   Zero   RW          204    .bss.IMU_DataRev.ucRxCnt  usart.o
    0x20000217   0x08003fe8   0x00000001   PAD
    0x20000218        -       0x00000048   Zero   RW           86    .bss.PID1           main.o
    0x20000260        -       0x00000048   Zero   RW           87    .bss.PID2           main.o
    0x200002a8        -       0x00000008   Zero   RW           72    .bss.Pos_data       main.o
    0x200002b0        -       0x00000010   Zero   RW           55    .bss.RepulsiveForce  main.o
    0x200002c0        -       0x00000014   Zero   RW           89    .bss.USART1_IRQHandler.rxBuffer  main.o
    0x200002d4        -       0x00000001   Zero   RW           88    .bss.USART1_IRQHandler.rxIndex  main.o
    0x200002d5   0x08003fe8   0x00000003   PAD
    0x200002d8        -       0x00000010   Zero   RW           85    .bss.U_toatl        main.o
    0x200002e8        -       0x00000054   Zero   RW          211    .bss.__stdout       usart.o
    0x2000033c        -       0x00000010   Zero   RW           46    .bss.box            main.o
    0x2000034c   0x08003fe8   0x00000004   PAD
    0x20000350        -       0x00000008   Zero   RW         1360    .bss.chassis_can_send_data  can_receive.o
    0x20000358        -       0x00000018   Zero   RW         1359    .bss.chassis_tx_message  can_receive.o
    0x20000370        -       0x00000004   Zero   RW           75    .bss.error          main.o
    0x20000374        -       0x00000040   Zero   RW          287    .bss.g_timx_handler  tim.o
    0x200003b4   0x08003fe8   0x00000004   PAD
    0x200003b8        -       0x00000010   Zero   RW           50    .bss.goal           main.o
    0x200003c8        -       0x00000028   Zero   RW          131    .bss.hcan1          can.o
    0x200003f0        -       0x00000028   Zero   RW          132    .bss.hcan2          can.o
    0x20000418        -       0x00000040   Zero   RW          285    .bss.htim1          tim.o
    0x20000458        -       0x00000040   Zero   RW          201    .bss.huart1         usart.o
    0x20000498        -       0x00000040   Zero   RW          202    .bss.huart6         usart.o
    0x200004d8        -       0x00000046   Zero   RW         1356    .bss.motor_chassis  can_receive.o
    0x2000051e        -       0x00000008   Zero   RW           41    .bss.mtr_Rpos       main.o
    0x20000526        -       0x00000008   Zero   RW           40    .bss.mtr_Rpos_last  main.o
    0x2000052e        -       0x00000008   Zero   RW           43    .bss.mtr_rpm        main.o
    0x20000536        -       0x00000008   Zero   RW           42    .bss.mtr_torque     main.o
    0x2000053e   0x08003fe8   0x00000002   PAD
    0x20000540        -       0x00000004   Zero   RW          206    .bss.stcAcc         usart.o
    0x20000544   0x08003fe8   0x00000004   PAD
    0x20000548        -       0x00000004   Zero   RW          208    .bss.stcAngle       usart.o
    0x2000054c   0x08003fe8   0x00000004   PAD
    0x20000550        -       0x00000004   Zero   RW          207    .bss.stcGyro        usart.o
    0x20000554        -       0x00000014   Zero   RW          209    .bss.strR           usart.o
    0x20000568        -       0x00000020   Zero   RW           56    .bss.tmp            main.o
    0x20000588        -       0x00000004   Zero   RW         1040    .bss.uwTick         stm32f4xx_hal.o
    0x2000058c   0x08003fe8   0x00000004   PAD
    0x20000590        -       0x00000200   Zero   RW            2    HEAP                startup_stm32f407xx.o
    0x20000790        -       0x00000400   Zero   RW            1    STACK               startup_stm32f407xx.o


==============================================================================

Image component sizes


      Code (inc. data)   RO Data    RW Data    ZI Data      Debug   Object Name

        98          0          0          0          0       1513   bsp_can.o
       412          0          0          0         84       6877   can.o
       220          0          0          0        102       5326   can_receive.o
       150          0          0          0          0       2591   gpio.o
      2458         60         24        126        337      11885   main.o
       376          4          0          0          0       2039   pid.o
        64         26        392          0       1536        836   startup_stm32f407xx.o
       212          0          0          5          4       7205   stm32f4xx_hal.o
      1634          6          0          0          0      13466   stm32f4xx_hal_can.o
       194          0          0          0          0      10451   stm32f4xx_hal_cortex.o
       412          0          0          0          0       4980   stm32f4xx_hal_gpio.o
        56          0          0          0          0       1435   stm32f4xx_hal_msp.o
      1290          0          0          0          0       7154   stm32f4xx_hal_rcc.o
      1156          0          0          0          0      48404   stm32f4xx_hal_tim.o
        72          0          0          0          0      16711   stm32f4xx_hal_tim_ex.o
      1006          0          0          0          0      18817   stm32f4xx_hal_uart.o
        44          0          0          0          0       3406   stm32f4xx_it.o
        86          0         24          4          0       2646   system_stm32f4xx.o
       266          0          0          0        128       9452   tim.o
       594          0         64          0        495       9123   usart.o

    ----------------------------------------------------------------------
     10916         96        536        152       2712     184317   Object Totals
         0          0         32          0          0          0   (incl. Generated)
       116          0          0         17         26          0   (incl. Padding)

    ----------------------------------------------------------------------

      Code (inc. data)   RO Data    RW Data    ZI Data      Debug   Library Member Name

         8          0          0          0          0         68   __main.o
       104          0          0          0          0         84   __printf.o
         0          0          0          0          0          0   __rtentry.o
        12          0          0          0          0          0   __rtentry2.o
         6          0          0          0          0          0   __rtentry4.o
        94          8          0          0          0          0   __scatter.o
        26          0          0          0          0          0   __scatter_copy.o
        28          0          0          0          0          0   __scatter_zi.o
         6          0          0          0          0          0   _printf_c.o
        44          0          0          0          0        108   _printf_char.o
        48          6          0          0          0         96   _printf_char_common.o
        36          4          0          0          0         80   _printf_char_file.o
         6          0          0          0          0          0   _printf_d.o
       120         16          0          0          0         92   _printf_dec.o
       178          0          0          0          0         88   _printf_intcommon.o
         0          0          0          0          0          0   _printf_percent.o
         4          0          0          0          0          0   _printf_percent_end.o
        82          0          0          0          0         80   _printf_str.o
        22          0          0          0          0        100   _rserrno.o
        18          0          0          0          0         80   exit.o
         8          0          0          0          0         68   ferror.o
         6          0          0          0          0        152   heapauxi.o
         2          0          0          0          0          0   libinit.o
         6          0          0          0          0          0   libinit2.o
         2          0          0          0          0          0   libshutdown.o
         2          0          0          0          0          0   libshutdown2.o
         8          4          0          0         96         68   libspace.o
       240          0          0          0          0        100   lludivv7m.o
        24          4          0          0          0         84   noretval__2printf.o
         8          4          0          0          0         68   rt_errno_addr_intlibspace.o
        78          0          0          0          0         80   rt_memclr_w.o
         2          0          0          0          0          0   rtexit.o
        10          0          0          0          0          0   rtexit2.o
        74          0          0          0          0         80   sys_stackheap_outer.o
         2          0          0          0          0         68   use_no_semi.o
         2          0          0          0          0         68   use_no_semi_2.o
        98          4          0          0          0        140   d2f.o
       812         16          0          0          0        392   daddsub_clz.o
        84          0          0          0          0        244   dcmp.o
        24          0          0          0          0        116   dcmpi.o
       692        140          0          0          0        264   ddiv.o
       120          4          0          0          0        140   deqf.o
        46          0          0          0          0        116   dflt_clz.o
       120          4          0          0          0        140   dgeqf.o
       120          4          0          0          0        140   dleqf.o
       340         12          0          0          0        152   dmul.o
       156          4          0          0          0        140   dnaninf.o
        12          0          0          0          0        116   dretinf.o
       408         56          0          0          0        168   dsqrt_umaal.o
        86          4          0          0          0        132   f2d.o
       140          4          0          0          0        132   fnaninf.o
        26          0          0          0          0        116   fpinit.o
        10          0          0          0          0        116   fretinf.o
         0          0          0          0          0          0   usenofp.o
       122          0          0          0          0        148   sqrt.o

    ----------------------------------------------------------------------
      4752        298          0          0         96       4624   Library Totals
        20          0          0          0          0          0   (incl. Padding)

    ----------------------------------------------------------------------

      Code (inc. data)   RO Data    RW Data    ZI Data      Debug   Library Name

      1316         46          0          0         96       1712   c_w.l
      3294        252          0          0          0       2764   fz_wm.l
       122          0          0          0          0        148   m_wm.l

    ----------------------------------------------------------------------
      4752        298          0          0         96       4624   Library Totals

    ----------------------------------------------------------------------

==============================================================================


      Code (inc. data)   RO Data    RW Data    ZI Data      Debug   

     15668        394        536        152       2808     186117   Grand Totals
     15668        394        536        152       2808     186117   ELF Image Totals
     15668        394        536        152          0          0   ROM Totals

==============================================================================

    Total RO  Size (Code + RO Data)                16204 (  15.82kB)
    Total RW  Size (RW Data + ZI Data)              2960 (   2.89kB)
    Total ROM Size (Code + RO Data + RW Data)      16356 (  15.97kB)

==============================================================================

